Archive member included to satisfy reference by file (symbol)

/usr/lib/gcc/arm-none-eabi/14.2.1/../../../arm-none-eabi/lib/thumb/v7-m/nofp/libc_nano.a(libc_a-strlen-stub.o)
                              ./Output/tasks.o (strlen)
/usr/lib/gcc/arm-none-eabi/14.2.1/../../../arm-none-eabi/lib/thumb/v7-m/nofp/libc_nano.a(libc_a-memset.o)
                              ./Output/tasks.o (memset)
/usr/lib/gcc/arm-none-eabi/14.2.1/../../../arm-none-eabi/lib/thumb/v7-m/nofp/libc_nano.a(libc_a-snprintf.o)
                              ./Output/timeline_scheduler.o (snprintf)
/usr/lib/gcc/arm-none-eabi/14.2.1/../../../arm-none-eabi/lib/thumb/v7-m/nofp/libc_nano.a(libc_a-nano-svfprintf.o)
                              /usr/lib/gcc/arm-none-eabi/14.2.1/../../../arm-none-eabi/lib/thumb/v7-m/nofp/libc_nano.a(libc_a-snprintf.o) (_svfprintf_r)
/usr/lib/gcc/arm-none-eabi/14.2.1/../../../arm-none-eabi/lib/thumb/v7-m/nofp/libc_nano.a(libc_a-memchr-stub.o)
                              /usr/lib/gcc/arm-none-eabi/14.2.1/../../../arm-none-eabi/lib/thumb/v7-m/nofp/libc_nano.a(libc_a-nano-svfprintf.o) (memchr)
/usr/lib/gcc/arm-none-eabi/14.2.1/../../../arm-none-eabi/lib/thumb/v7-m/nofp/libc_nano.a(libc_a-mallocr.o)
                              /usr/lib/gcc/arm-none-eabi/14.2.1/../../../arm-none-eabi/lib/thumb/v7-m/nofp/libc_nano.a(libc_a-nano-svfprintf.o) (_malloc_r)
/usr/lib/gcc/arm-none-eabi/14.2.1/../../../arm-none-eabi/lib/thumb/v7-m/nofp/libc_nano.a(libc_a-memcpy.o)
                              /usr/lib/gcc/arm-none-eabi/14.2.1/../../../arm-none-eabi/lib/thumb/v7-m/nofp/libc_nano.a(libc_a-nano-svfprintf.o) (memcpy)
/usr/lib/gcc/arm-none-eabi/14.2.1/../../../arm-none-eabi/lib/thumb/v7-m/nofp/libc_nano.a(libc_a-freer.o)
                              /usr/lib/gcc/arm-none-eabi/14.2.1/../../../arm-none-eabi/lib/thumb/v7-m/nofp/libc_nano.a(libc_a-nano-svfprintf.o) (_free_r)
/usr/lib/gcc/arm-none-eabi/14.2.1/../../../arm-none-eabi/lib/thumb/v7-m/nofp/libc_nano.a(libc_a-impure.o)
                              /usr/lib/gcc/arm-none-eabi/14.2.1/../../../arm-none-eabi/lib/thumb/v7-m/nofp/libc_nano.a(libc_a-snprintf.o) (_impure_ptr)
/usr/lib/gcc/arm-none-eabi/14.2.1/../../../arm-none-eabi/lib/thumb/v7-m/nofp/libc_nano.a(libc_a-reallocr.o)
                              /usr/lib/gcc/arm-none-eabi/14.2.1/../../../arm-none-eabi/lib/thumb/v7-m/nofp/libc_nano.a(libc_a-nano-svfprintf.o) (_realloc_r)
/usr/lib/gcc/arm-none-eabi/14.2.1/../../../arm-none-eabi/lib/thumb/v7-m/nofp/libc_nano.a(libc_a-nano-vfprintf_i.o)
                              /usr/lib/gcc/arm-none-eabi/14.2.1/../../../arm-none-eabi/lib/thumb/v7-m/nofp/libc_nano.a(libc_a-nano-svfprintf.o) (_printf_i)
/usr/lib/gcc/arm-none-eabi/14.2.1/../../../arm-none-eabi/lib/thumb/v7-m/nofp/libc_nano.a(libc_a-mlock.o)
                              /usr/lib/gcc/arm-none-eabi/14.2.1/../../../arm-none-eabi/lib/thumb/v7-m/nofp/libc_nano.a(libc_a-mallocr.o) (__malloc_lock)
/usr/lib/gcc/arm-none-eabi/14.2.1/../../../arm-none-eabi/lib/thumb/v7-m/nofp/libc_nano.a(libc_a-memmove.o)
                              /usr/lib/gcc/arm-none-eabi/14.2.1/../../../arm-none-eabi/lib/thumb/v7-m/nofp/libc_nano.a(libc_a-nano-svfprintf.o) (memmove)
/usr/lib/gcc/arm-none-eabi/14.2.1/../../../arm-none-eabi/lib/thumb/v7-m/nofp/libc_nano.a(libc_a-sbrkr.o)
                              /usr/lib/gcc/arm-none-eabi/14.2.1/../../../arm-none-eabi/lib/thumb/v7-m/nofp/libc_nano.a(libc_a-mallocr.o) (_sbrk_r)
/usr/lib/gcc/arm-none-eabi/14.2.1/../../../arm-none-eabi/lib/thumb/v7-m/nofp/libc_nano.a(libc_a-msizer.o)
                              /usr/lib/gcc/arm-none-eabi/14.2.1/../../../arm-none-eabi/lib/thumb/v7-m/nofp/libc_nano.a(libc_a-reallocr.o) (_malloc_usable_size_r)
/usr/lib/gcc/arm-none-eabi/14.2.1/../../../arm-none-eabi/lib/thumb/v7-m/nofp/libc_nano.a(libc_a-reent.o)
                              /usr/lib/gcc/arm-none-eabi/14.2.1/../../../arm-none-eabi/lib/thumb/v7-m/nofp/libc_nano.a(libc_a-sbrkr.o) (errno)
/usr/lib/gcc/arm-none-eabi/14.2.1/../../../arm-none-eabi/lib/thumb/v7-m/nofp/libnosys.a(sbrk.o)
                              /usr/lib/gcc/arm-none-eabi/14.2.1/../../../arm-none-eabi/lib/thumb/v7-m/nofp/libc_nano.a(libc_a-sbrkr.o) (_sbrk)

Discarded input sections

 .group         0x00000000        0xc ./Output/list.o
 .group         0x00000000        0xc ./Output/list.o
 .group         0x00000000        0xc ./Output/list.o
 .group         0x00000000        0xc ./Output/list.o
 .group         0x00000000        0xc ./Output/list.o
 .group         0x00000000        0xc ./Output/list.o
 .group         0x00000000        0xc ./Output/list.o
 .group         0x00000000        0xc ./Output/list.o
 .group         0x00000000        0xc ./Output/list.o
 .group         0x00000000        0xc ./Output/list.o
 .group         0x00000000        0xc ./Output/list.o
 .group         0x00000000        0xc ./Output/list.o
 .group         0x00000000        0xc ./Output/list.o
 .group         0x00000000        0xc ./Output/list.o
 .group         0x00000000        0xc ./Output/list.o
 .group         0x00000000        0xc ./Output/list.o
 .group         0x00000000        0xc ./Output/list.o
 .group         0x00000000        0xc ./Output/list.o
 .group         0x00000000        0xc ./Output/list.o
 .group         0x00000000        0xc ./Output/list.o
 .group         0x00000000        0xc ./Output/list.o
 .group         0x00000000        0xc ./Output/list.o
 .group         0x00000000        0xc ./Output/list.o
 .group         0x00000000        0xc ./Output/list.o
 .group         0x00000000        0xc ./Output/list.o
 .group         0x00000000        0xc ./Output/list.o
 .group         0x00000000        0xc ./Output/list.o
 .group         0x00000000        0xc ./Output/list.o
 .group         0x00000000        0xc ./Output/list.o
 .group         0x00000000        0xc ./Output/list.o
 .group         0x00000000        0xc ./Output/list.o
 .text          0x00000000        0x0 ./Output/list.o
 .data          0x00000000        0x0 ./Output/list.o
 .bss           0x00000000        0x0 ./Output/list.o
 .text.vListInsertEnd
                0x00000000       0x16 ./Output/list.o
 .group         0x00000000        0xc ./Output/tasks.o
 .group         0x00000000        0xc ./Output/tasks.o
 .group         0x00000000        0xc ./Output/tasks.o
 .group         0x00000000        0xc ./Output/tasks.o
 .group         0x00000000        0xc ./Output/tasks.o
 .group         0x00000000        0xc ./Output/tasks.o
 .group         0x00000000        0xc ./Output/tasks.o
 .group         0x00000000        0xc ./Output/tasks.o
 .group         0x00000000        0xc ./Output/tasks.o
 .group         0x00000000        0xc ./Output/tasks.o
 .group         0x00000000        0xc ./Output/tasks.o
 .group         0x00000000        0xc ./Output/tasks.o
 .group         0x00000000        0xc ./Output/tasks.o
 .group         0x00000000        0xc ./Output/tasks.o
 .group         0x00000000        0xc ./Output/tasks.o
 .group         0x00000000        0xc ./Output/tasks.o
 .group         0x00000000        0xc ./Output/tasks.o
 .group         0x00000000        0xc ./Output/tasks.o
 .group         0x00000000        0xc ./Output/tasks.o
 .group         0x00000000        0xc ./Output/tasks.o
 .group         0x00000000        0xc ./Output/tasks.o
 .group         0x00000000        0xc ./Output/tasks.o
 .group         0x00000000        0xc ./Output/tasks.o
 .group         0x00000000        0xc ./Output/tasks.o
 .group         0x00000000        0xc ./Output/tasks.o
 .group         0x00000000        0xc ./Output/tasks.o
 .group         0x00000000        0xc ./Output/tasks.o
 .group         0x00000000        0xc ./Output/tasks.o
 .group         0x00000000        0xc ./Output/tasks.o
 .group         0x00000000        0xc ./Output/tasks.o
 .group         0x00000000        0xc ./Output/tasks.o
 .group         0x00000000        0xc ./Output/tasks.o
 .group         0x00000000        0xc ./Output/tasks.o
 .group         0x00000000        0xc ./Output/tasks.o
 .group         0x00000000        0xc ./Output/tasks.o
 .group         0x00000000        0xc ./Output/tasks.o
 .text          0x00000000        0x0 ./Output/tasks.o
 .data          0x00000000        0x0 ./Output/tasks.o
 .bss           0x00000000        0x0 ./Output/tasks.o
 .text.prvSearchForNameWithinSingleList
                0x00000000       0x3e ./Output/tasks.o
 .text.prvTaskIsTaskSuspended
                0x00000000       0x40 ./Output/tasks.o
 .text.prvCheckTasksWaitingTermination
                0x00000000       0x48 ./Output/tasks.o
 .text.prvIdleTask
                0x00000000        0x8 ./Output/tasks.o
 .text.vTaskDelete
                0x00000000       0xd0 ./Output/tasks.o
 .text.eTaskGetState
                0x00000000       0x98 ./Output/tasks.o
 .text.uxTaskPriorityGet
                0x00000000       0x1c ./Output/tasks.o
 .text.uxTaskPriorityGetFromISR
                0x00000000       0x30 ./Output/tasks.o
 .text.uxTaskBasePriorityGet
                0x00000000       0x1c ./Output/tasks.o
 .text.uxTaskBasePriorityGetFromISR
                0x00000000       0x30 ./Output/tasks.o
 .text.vTaskPrioritySet
                0x00000000       0xdc ./Output/tasks.o
 .text.vTaskResume
                0x00000000       0x88 ./Output/tasks.o
 .text.xTaskResumeFromISR
                0x00000000       0xac ./Output/tasks.o
 .rodata.vTaskStartScheduler.str1.1
                0x00000000        0x5 ./Output/tasks.o
 .text.vTaskStartScheduler
                0x00000000       0x74 ./Output/tasks.o
 .text.vTaskEndScheduler
                0x00000000       0x34 ./Output/tasks.o
 .text.xTaskGetTickCount
                0x00000000        0xc ./Output/tasks.o
 .text.xTaskGetTickCountFromISR
                0x00000000       0x10 ./Output/tasks.o
 .text.uxTaskGetNumberOfTasks
                0x00000000        0xc ./Output/tasks.o
 .text.pcTaskGetName
                0x00000000       0x14 ./Output/tasks.o
 .text.xTaskGetIdleTaskHandle
                0x00000000       0x10 ./Output/tasks.o
 .text.xTaskGetIdleTaskHandleForCore
                0x00000000       0x14 ./Output/tasks.o
 .text.xTaskDelayUntil
                0x00000000       0x6c ./Output/tasks.o
 .text.xTaskGetHandle
                0x00000000       0x78 ./Output/tasks.o
 .text.xTaskCatchUpTicks
                0x00000000       0x30 ./Output/tasks.o
 .text.xTaskAbortDelay
                0x00000000       0x98 ./Output/tasks.o
 .text.vTaskSuspend
                0x00000000       0xe4 ./Output/tasks.o
 .text.vTaskPlaceOnEventList
                0x00000000       0x24 ./Output/tasks.o
 .text.vTaskPlaceOnUnorderedEventList
                0x00000000       0x50 ./Output/tasks.o
 .text.xTaskRemoveFromEventList
                0x00000000       0xbc ./Output/tasks.o
 .text.vTaskRemoveFromUnorderedEventList
                0x00000000       0xa4 ./Output/tasks.o
 .text.vTaskSetTimeOutState
                0x00000000       0x28 ./Output/tasks.o
 .text.vTaskInternalSetTimeOutState
                0x00000000       0x18 ./Output/tasks.o
 .text.xTaskCheckForTimeOut
                0x00000000       0x70 ./Output/tasks.o
 .text.vTaskMissedYield
                0x00000000        0xc ./Output/tasks.o
 .text.uxTaskGetStackHighWaterMark
                0x00000000       0x1c ./Output/tasks.o
 .text.xTaskGetCurrentTaskHandle
                0x00000000        0xc ./Output/tasks.o
 .text.xTaskGetCurrentTaskHandleForCore
                0x00000000       0x10 ./Output/tasks.o
 .text.xTaskGetSchedulerState
                0x00000000       0x20 ./Output/tasks.o
 .text.xTaskPriorityInherit
                0x00000000       0xa0 ./Output/tasks.o
 .text.xTaskPriorityDisinherit
                0x00000000       0x84 ./Output/tasks.o
 .text.vTaskPriorityDisinheritAfterTimeout
                0x00000000       0x90 ./Output/tasks.o
 .text.uxTaskResetEventItemValue
                0x00000000       0x18 ./Output/tasks.o
 .text.pvTaskIncrementMutexHeldCount
                0x00000000       0x14 ./Output/tasks.o
 .text.ulTaskGenericNotifyTake
                0x00000000       0x9c ./Output/tasks.o
 .text.xTaskGenericNotifyWait
                0x00000000       0xc4 ./Output/tasks.o
 .text.xTaskGenericNotify
                0x00000000      0x104 ./Output/tasks.o
 .text.xTaskGenericNotifyFromISR
                0x00000000      0x148 ./Output/tasks.o
 .text.vTaskGenericNotifyGiveFromISR
                0x00000000       0xf4 ./Output/tasks.o
 .text.xTaskGenericNotifyStateClear
                0x00000000       0x38 ./Output/tasks.o
 .text.ulTaskGenericNotifyValueClear
                0x00000000       0x34 ./Output/tasks.o
 .text.vTaskResetState
                0x00000000       0x64 ./Output/tasks.o
 .rodata.uxTopUsedPriority
                0x00000000        0x4 ./Output/tasks.o
 .bss.xIdleTaskHandles
                0x00000000        0x4 ./Output/tasks.o
 .bss.uxDeletedTasksWaitingCleanUp
                0x00000000        0x4 ./Output/tasks.o
 .debug_macro   0x00000000      0xac0 ./Output/tasks.o
 .debug_macro   0x00000000       0x24 ./Output/tasks.o
 .debug_macro   0x00000000       0x22 ./Output/tasks.o
 .debug_macro   0x00000000       0x60 ./Output/tasks.o
 .debug_macro   0x00000000       0x94 ./Output/tasks.o
 .debug_macro   0x00000000       0x3c ./Output/tasks.o
 .debug_macro   0x00000000       0x34 ./Output/tasks.o
 .debug_macro   0x00000000       0x16 ./Output/tasks.o
 .debug_macro   0x00000000      0x11c ./Output/tasks.o
 .debug_macro   0x00000000       0x9b ./Output/tasks.o
 .debug_macro   0x00000000       0x57 ./Output/tasks.o
 .debug_macro   0x00000000      0x364 ./Output/tasks.o
 .debug_macro   0x00000000       0x16 ./Output/tasks.o
 .debug_macro   0x00000000       0x4a ./Output/tasks.o
 .debug_macro   0x00000000       0x34 ./Output/tasks.o
 .debug_macro   0x00000000       0x10 ./Output/tasks.o
 .debug_macro   0x00000000       0x52 ./Output/tasks.o
 .debug_macro   0x00000000      0x1e5 ./Output/tasks.o
 .debug_macro   0x00000000       0x16 ./Output/tasks.o
 .debug_macro   0x00000000       0x29 ./Output/tasks.o
 .debug_macro   0x00000000      0x34e ./Output/tasks.o
 .debug_macro   0x00000000       0x16 ./Output/tasks.o
 .debug_macro   0x00000000      0x164 ./Output/tasks.o
 .debug_macro   0x00000000       0x1c ./Output/tasks.o
 .debug_macro   0x00000000      0x182 ./Output/tasks.o
 .debug_macro   0x00000000       0xe7 ./Output/tasks.o
 .debug_macro   0x00000000       0x2e ./Output/tasks.o
 .debug_macro   0x00000000       0x1f ./Output/tasks.o
 .debug_macro   0x00000000       0x12 ./Output/tasks.o
 .debug_macro   0x00000000      0xfd7 ./Output/tasks.o
 .debug_macro   0x00000000       0xc3 ./Output/tasks.o
 .group         0x00000000        0xc ./Output/heap_4.o
 .group         0x00000000        0xc ./Output/heap_4.o
 .group         0x00000000        0xc ./Output/heap_4.o
 .group         0x00000000        0xc ./Output/heap_4.o
 .group         0x00000000        0xc ./Output/heap_4.o
 .group         0x00000000        0xc ./Output/heap_4.o
 .group         0x00000000        0xc ./Output/heap_4.o
 .group         0x00000000        0xc ./Output/heap_4.o
 .group         0x00000000        0xc ./Output/heap_4.o
 .group         0x00000000        0xc ./Output/heap_4.o
 .group         0x00000000        0xc ./Output/heap_4.o
 .group         0x00000000        0xc ./Output/heap_4.o
 .group         0x00000000        0xc ./Output/heap_4.o
 .group         0x00000000        0xc ./Output/heap_4.o
 .group         0x00000000        0xc ./Output/heap_4.o
 .group         0x00000000        0xc ./Output/heap_4.o
 .group         0x00000000        0xc ./Output/heap_4.o
 .group         0x00000000        0xc ./Output/heap_4.o
 .group         0x00000000        0xc ./Output/heap_4.o
 .group         0x00000000        0xc ./Output/heap_4.o
 .group         0x00000000        0xc ./Output/heap_4.o
 .group         0x00000000        0xc ./Output/heap_4.o
 .group         0x00000000        0xc ./Output/heap_4.o
 .group         0x00000000        0xc ./Output/heap_4.o
 .group         0x00000000        0xc ./Output/heap_4.o
 .group         0x00000000        0xc ./Output/heap_4.o
 .group         0x00000000        0xc ./Output/heap_4.o
 .group         0x00000000        0xc ./Output/heap_4.o
 .group         0x00000000        0xc ./Output/heap_4.o
 .group         0x00000000        0xc ./Output/heap_4.o
 .group         0x00000000        0xc ./Output/heap_4.o
 .group         0x00000000        0xc ./Output/heap_4.o
 .group         0x00000000        0xc ./Output/heap_4.o
 .group         0x00000000        0xc ./Output/heap_4.o
 .text          0x00000000        0x0 ./Output/heap_4.o
 .data          0x00000000        0x0 ./Output/heap_4.o
 .bss           0x00000000        0x0 ./Output/heap_4.o
 .text.xPortGetFreeHeapSize
                0x00000000        0xc ./Output/heap_4.o
 .text.xPortGetMinimumEverFreeHeapSize
                0x00000000        0xc ./Output/heap_4.o
 .text.vPortInitialiseBlocks
                0x00000000        0x2 ./Output/heap_4.o
 .text.pvPortCalloc
                0x00000000       0x2a ./Output/heap_4.o
 .text.vPortGetHeapStats
                0x00000000       0x84 ./Output/heap_4.o
 .text.vPortHeapResetState
                0x00000000       0x2c ./Output/heap_4.o
 .debug_macro   0x00000000      0xac0 ./Output/heap_4.o
 .debug_macro   0x00000000       0x24 ./Output/heap_4.o
 .debug_macro   0x00000000       0x22 ./Output/heap_4.o
 .debug_macro   0x00000000       0x60 ./Output/heap_4.o
 .debug_macro   0x00000000       0x94 ./Output/heap_4.o
 .debug_macro   0x00000000       0x3c ./Output/heap_4.o
 .debug_macro   0x00000000       0x34 ./Output/heap_4.o
 .debug_macro   0x00000000       0x16 ./Output/heap_4.o
 .debug_macro   0x00000000      0x11c ./Output/heap_4.o
 .debug_macro   0x00000000       0x9b ./Output/heap_4.o
 .debug_macro   0x00000000       0x57 ./Output/heap_4.o
 .debug_macro   0x00000000      0x364 ./Output/heap_4.o
 .debug_macro   0x00000000       0x16 ./Output/heap_4.o
 .debug_macro   0x00000000       0x4a ./Output/heap_4.o
 .debug_macro   0x00000000       0x34 ./Output/heap_4.o
 .debug_macro   0x00000000       0x10 ./Output/heap_4.o
 .debug_macro   0x00000000       0x52 ./Output/heap_4.o
 .debug_macro   0x00000000      0x1e5 ./Output/heap_4.o
 .debug_macro   0x00000000       0x16 ./Output/heap_4.o
 .debug_macro   0x00000000       0x29 ./Output/heap_4.o
 .debug_macro   0x00000000       0x16 ./Output/heap_4.o
 .debug_macro   0x00000000       0x3c ./Output/heap_4.o
 .debug_macro   0x00000000      0x34e ./Output/heap_4.o
 .debug_macro   0x00000000       0x16 ./Output/heap_4.o
 .debug_macro   0x00000000      0x164 ./Output/heap_4.o
 .debug_macro   0x00000000       0x1c ./Output/heap_4.o
 .debug_macro   0x00000000      0x182 ./Output/heap_4.o
 .debug_macro   0x00000000       0xe7 ./Output/heap_4.o
 .debug_macro   0x00000000       0x2e ./Output/heap_4.o
 .debug_macro   0x00000000       0x1f ./Output/heap_4.o
 .debug_macro   0x00000000       0x12 ./Output/heap_4.o
 .debug_macro   0x00000000      0xfd7 ./Output/heap_4.o
 .debug_macro   0x00000000       0xc3 ./Output/heap_4.o
 .debug_macro   0x00000000      0x14f ./Output/heap_4.o
 .group         0x00000000        0xc ./Output/port.o
 .group         0x00000000        0xc ./Output/port.o
 .group         0x00000000        0xc ./Output/port.o
 .group         0x00000000        0xc ./Output/port.o
 .group         0x00000000        0xc ./Output/port.o
 .group         0x00000000        0xc ./Output/port.o
 .group         0x00000000        0xc ./Output/port.o
 .group         0x00000000        0xc ./Output/port.o
 .group         0x00000000        0xc ./Output/port.o
 .group         0x00000000        0xc ./Output/port.o
 .group         0x00000000        0xc ./Output/port.o
 .group         0x00000000        0xc ./Output/port.o
 .group         0x00000000        0xc ./Output/port.o
 .group         0x00000000        0xc ./Output/port.o
 .text          0x00000000        0x0 ./Output/port.o
 .data          0x00000000        0x0 ./Output/port.o
 .bss           0x00000000        0x0 ./Output/port.o
 .text.prvPortStartFirstTask
                0x00000000       0x20 ./Output/port.o
 .text.vPortEndScheduler
                0x00000000       0x14 ./Output/port.o
 .text.vPortSetupTimerInterrupt
                0x00000000       0x16 ./Output/port.o
 .text.xPortStartScheduler
                0x00000000       0xe4 ./Output/port.o
 .text.vPortValidateInterruptPriority
                0x00000000       0x3c ./Output/port.o
 .bss.ulMaxPRIGROUPValue
                0x00000000        0x4 ./Output/port.o
 .bss.ucMaxSysCallPriority
                0x00000000        0x1 ./Output/port.o
 .debug_macro   0x00000000      0xac0 ./Output/port.o
 .debug_macro   0x00000000      0x34e ./Output/port.o
 .debug_macro   0x00000000       0x16 ./Output/port.o
 .debug_macro   0x00000000      0x164 ./Output/port.o
 .debug_macro   0x00000000       0x1c ./Output/port.o
 .debug_macro   0x00000000      0x182 ./Output/port.o
 .debug_macro   0x00000000       0xe7 ./Output/port.o
 .debug_macro   0x00000000       0x2e ./Output/port.o
 .debug_macro   0x00000000       0x1f ./Output/port.o
 .debug_macro   0x00000000       0x12 ./Output/port.o
 .debug_macro   0x00000000      0xfd7 ./Output/port.o
 .debug_macro   0x00000000       0xc3 ./Output/port.o
 .debug_macro   0x00000000      0x14f ./Output/port.o
 .group         0x00000000        0xc ./Output/timeline_scheduler.o
 .group         0x00000000        0xc ./Output/timeline_scheduler.o
 .group         0x00000000        0xc ./Output/timeline_scheduler.o
 .group         0x00000000        0xc ./Output/timeline_scheduler.o
 .group         0x00000000        0xc ./Output/timeline_scheduler.o
 .group         0x00000000        0xc ./Output/timeline_scheduler.o
 .group         0x00000000        0xc ./Output/timeline_scheduler.o
 .group         0x00000000        0xc ./Output/timeline_scheduler.o
 .group         0x00000000        0xc ./Output/timeline_scheduler.o
 .group         0x00000000        0xc ./Output/timeline_scheduler.o
 .group         0x00000000        0xc ./Output/timeline_scheduler.o
 .group         0x00000000        0xc ./Output/timeline_scheduler.o
 .group         0x00000000        0xc ./Output/timeline_scheduler.o
 .group         0x00000000        0xc ./Output/timeline_scheduler.o
 .group         0x00000000        0xc ./Output/timeline_scheduler.o
 .group         0x00000000        0xc ./Output/timeline_scheduler.o
 .group         0x00000000        0xc ./Output/timeline_scheduler.o
 .group         0x00000000        0xc ./Output/timeline_scheduler.o
 .group         0x00000000        0xc ./Output/timeline_scheduler.o
 .group         0x00000000        0xc ./Output/timeline_scheduler.o
 .group         0x00000000        0xc ./Output/timeline_scheduler.o
 .group         0x00000000        0xc ./Output/timeline_scheduler.o
 .group         0x00000000        0xc ./Output/timeline_scheduler.o
 .group         0x00000000        0xc ./Output/timeline_scheduler.o
 .group         0x00000000        0xc ./Output/timeline_scheduler.o
 .group         0x00000000        0xc ./Output/timeline_scheduler.o
 .group         0x00000000        0xc ./Output/timeline_scheduler.o
 .group         0x00000000        0xc ./Output/timeline_scheduler.o
 .group         0x00000000        0xc ./Output/timeline_scheduler.o
 .group         0x00000000        0xc ./Output/timeline_scheduler.o
 .group         0x00000000        0xc ./Output/timeline_scheduler.o
 .group         0x00000000        0xc ./Output/timeline_scheduler.o
 .group         0x00000000        0xc ./Output/timeline_scheduler.o
 .group         0x00000000        0xc ./Output/timeline_scheduler.o
 .group         0x00000000        0xc ./Output/timeline_scheduler.o
 .text          0x00000000        0x0 ./Output/timeline_scheduler.o
 .data          0x00000000        0x0 ./Output/timeline_scheduler.o
 .bss           0x00000000        0x0 ./Output/timeline_scheduler.o
 .text.mcd      0x00000000       0x12 ./Output/timeline_scheduler.o
 .text.abs      0x00000000        0x8 ./Output/timeline_scheduler.o
 .debug_macro   0x00000000      0xac0 ./Output/timeline_scheduler.o
 .debug_macro   0x00000000      0x190 ./Output/timeline_scheduler.o
 .debug_macro   0x00000000      0x34e ./Output/timeline_scheduler.o
 .debug_macro   0x00000000       0x16 ./Output/timeline_scheduler.o
 .debug_macro   0x00000000      0x164 ./Output/timeline_scheduler.o
 .debug_macro   0x00000000       0x1c ./Output/timeline_scheduler.o
 .debug_macro   0x00000000      0x182 ./Output/timeline_scheduler.o
 .debug_macro   0x00000000       0xe7 ./Output/timeline_scheduler.o
 .debug_macro   0x00000000       0x2e ./Output/timeline_scheduler.o
 .debug_macro   0x00000000       0x1f ./Output/timeline_scheduler.o
 .debug_macro   0x00000000       0x12 ./Output/timeline_scheduler.o
 .debug_macro   0x00000000      0xfd7 ./Output/timeline_scheduler.o
 .debug_macro   0x00000000       0xc3 ./Output/timeline_scheduler.o
 .debug_macro   0x00000000      0x14f ./Output/timeline_scheduler.o
 .debug_macro   0x00000000       0x22 ./Output/timeline_scheduler.o
 .debug_macro   0x00000000       0x60 ./Output/timeline_scheduler.o
 .debug_macro   0x00000000       0x24 ./Output/timeline_scheduler.o
 .debug_macro   0x00000000       0x94 ./Output/timeline_scheduler.o
 .debug_macro   0x00000000       0x3c ./Output/timeline_scheduler.o
 .debug_macro   0x00000000       0x34 ./Output/timeline_scheduler.o
 .debug_macro   0x00000000       0x57 ./Output/timeline_scheduler.o
 .debug_macro   0x00000000       0x3c ./Output/timeline_scheduler.o
 .debug_macro   0x00000000      0x364 ./Output/timeline_scheduler.o
 .debug_macro   0x00000000       0x16 ./Output/timeline_scheduler.o
 .debug_macro   0x00000000       0x4a ./Output/timeline_scheduler.o
 .debug_macro   0x00000000       0x34 ./Output/timeline_scheduler.o
 .debug_macro   0x00000000       0x10 ./Output/timeline_scheduler.o
 .debug_macro   0x00000000       0x52 ./Output/timeline_scheduler.o
 .debug_macro   0x00000000      0x1e5 ./Output/timeline_scheduler.o
 .group         0x00000000        0xc ./Output/uart.o
 .group         0x00000000        0xc ./Output/uart.o
 .group         0x00000000        0xc ./Output/uart.o
 .group         0x00000000        0xc ./Output/uart.o
 .group         0x00000000        0xc ./Output/uart.o
 .group         0x00000000        0xc ./Output/uart.o
 .group         0x00000000        0xc ./Output/uart.o
 .group         0x00000000        0xc ./Output/uart.o
 .group         0x00000000        0xc ./Output/uart.o
 .group         0x00000000        0xc ./Output/uart.o
 .group         0x00000000        0xc ./Output/uart.o
 .group         0x00000000        0xc ./Output/uart.o
 .group         0x00000000        0xc ./Output/uart.o
 .text          0x00000000        0x0 ./Output/uart.o
 .data          0x00000000        0x0 ./Output/uart.o
 .bss           0x00000000        0x0 ./Output/uart.o
 .debug_macro   0x00000000      0xac0 ./Output/uart.o
 .debug_macro   0x00000000      0x190 ./Output/uart.o
 .debug_macro   0x00000000      0x34e ./Output/uart.o
 .debug_macro   0x00000000       0x16 ./Output/uart.o
 .debug_macro   0x00000000      0x164 ./Output/uart.o
 .debug_macro   0x00000000       0x1c ./Output/uart.o
 .debug_macro   0x00000000      0x182 ./Output/uart.o
 .debug_macro   0x00000000       0xe7 ./Output/uart.o
 .debug_macro   0x00000000       0x2e ./Output/uart.o
 .debug_macro   0x00000000       0x1f ./Output/uart.o
 .debug_macro   0x00000000       0x12 ./Output/uart.o
 .debug_macro   0x00000000      0xfd7 ./Output/uart.o
 .group         0x00000000        0xc ./Output/startup.o
 .group         0x00000000        0xc ./Output/startup.o
 .group         0x00000000        0xc ./Output/startup.o
 .group         0x00000000        0xc ./Output/startup.o
 .group         0x00000000        0xc ./Output/startup.o
 .group         0x00000000        0xc ./Output/startup.o
 .group         0x00000000        0xc ./Output/startup.o
 .group         0x00000000        0xc ./Output/startup.o
 .group         0x00000000        0xc ./Output/startup.o
 .group         0x00000000        0xc ./Output/startup.o
 .group         0x00000000        0xc ./Output/startup.o
 .group         0x00000000        0xc ./Output/startup.o
 .group         0x00000000        0xc ./Output/startup.o
 .text          0x00000000        0x0 ./Output/startup.o
 .data          0x00000000        0x0 ./Output/startup.o
 .bss           0x00000000        0x0 ./Output/startup.o
 .debug_macro   0x00000000      0xac0 ./Output/startup.o
 .debug_macro   0x00000000      0x190 ./Output/startup.o
 .debug_macro   0x00000000      0x34e ./Output/startup.o
 .debug_macro   0x00000000       0x16 ./Output/startup.o
 .debug_macro   0x00000000      0x164 ./Output/startup.o
 .debug_macro   0x00000000       0x1c ./Output/startup.o
 .debug_macro   0x00000000      0x182 ./Output/startup.o
 .debug_macro   0x00000000       0xe7 ./Output/startup.o
 .debug_macro   0x00000000       0x2e ./Output/startup.o
 .debug_macro   0x00000000       0x1f ./Output/startup.o
 .debug_macro   0x00000000       0x12 ./Output/startup.o
 .debug_macro   0x00000000      0xfd7 ./Output/startup.o
 .debug_macro   0x00000000       0x22 ./Output/startup.o
 .text          0x00000000       0x5c /usr/lib/gcc/arm-none-eabi/14.2.1/../../../arm-none-eabi/lib/thumb/v7-m/nofp/libc_nano.a(libc_a-strlen-stub.o)
 .data          0x00000000        0x0 /usr/lib/gcc/arm-none-eabi/14.2.1/../../../arm-none-eabi/lib/thumb/v7-m/nofp/libc_nano.a(libc_a-strlen-stub.o)
 .bss           0x00000000        0x0 /usr/lib/gcc/arm-none-eabi/14.2.1/../../../arm-none-eabi/lib/thumb/v7-m/nofp/libc_nano.a(libc_a-strlen-stub.o)
 .debug_info    0x00000000       0xbd /usr/lib/gcc/arm-none-eabi/14.2.1/../../../arm-none-eabi/lib/thumb/v7-m/nofp/libc_nano.a(libc_a-strlen-stub.o)
 .debug_abbrev  0x00000000       0x78 /usr/lib/gcc/arm-none-eabi/14.2.1/../../../arm-none-eabi/lib/thumb/v7-m/nofp/libc_nano.a(libc_a-strlen-stub.o)
 .debug_loclists
                0x00000000       0x29 /usr/lib/gcc/arm-none-eabi/14.2.1/../../../arm-none-eabi/lib/thumb/v7-m/nofp/libc_nano.a(libc_a-strlen-stub.o)
 .debug_aranges
                0x00000000       0x20 /usr/lib/gcc/arm-none-eabi/14.2.1/../../../arm-none-eabi/lib/thumb/v7-m/nofp/libc_nano.a(libc_a-strlen-stub.o)
 .debug_rnglists
                0x00000000       0x13 /usr/lib/gcc/arm-none-eabi/14.2.1/../../../arm-none-eabi/lib/thumb/v7-m/nofp/libc_nano.a(libc_a-strlen-stub.o)
 .debug_line    0x00000000       0xf8 /usr/lib/gcc/arm-none-eabi/14.2.1/../../../arm-none-eabi/lib/thumb/v7-m/nofp/libc_nano.a(libc_a-strlen-stub.o)
 .debug_str     0x00000000      0x19f /usr/lib/gcc/arm-none-eabi/14.2.1/../../../arm-none-eabi/lib/thumb/v7-m/nofp/libc_nano.a(libc_a-strlen-stub.o)
 .comment       0x00000000       0x27 /usr/lib/gcc/arm-none-eabi/14.2.1/../../../arm-none-eabi/lib/thumb/v7-m/nofp/libc_nano.a(libc_a-strlen-stub.o)
 .debug_frame   0x00000000       0x20 /usr/lib/gcc/arm-none-eabi/14.2.1/../../../arm-none-eabi/lib/thumb/v7-m/nofp/libc_nano.a(libc_a-strlen-stub.o)
 .ARM.attributes
                0x00000000       0x2d /usr/lib/gcc/arm-none-eabi/14.2.1/../../../arm-none-eabi/lib/thumb/v7-m/nofp/libc_nano.a(libc_a-strlen-stub.o)
 .data          0x00000000        0x0 /usr/lib/gcc/arm-none-eabi/14.2.1/../../../arm-none-eabi/lib/thumb/v7-m/nofp/libc_nano.a(libc_a-memset.o)
 .bss           0x00000000        0x0 /usr/lib/gcc/arm-none-eabi/14.2.1/../../../arm-none-eabi/lib/thumb/v7-m/nofp/libc_nano.a(libc_a-memset.o)
 .data          0x00000000        0x0 /usr/lib/gcc/arm-none-eabi/14.2.1/../../../arm-none-eabi/lib/thumb/v7-m/nofp/libc_nano.a(libc_a-snprintf.o)
 .bss           0x00000000        0x0 /usr/lib/gcc/arm-none-eabi/14.2.1/../../../arm-none-eabi/lib/thumb/v7-m/nofp/libc_nano.a(libc_a-snprintf.o)
 .data          0x00000000        0x0 /usr/lib/gcc/arm-none-eabi/14.2.1/../../../arm-none-eabi/lib/thumb/v7-m/nofp/libc_nano.a(libc_a-nano-svfprintf.o)
 .bss           0x00000000        0x0 /usr/lib/gcc/arm-none-eabi/14.2.1/../../../arm-none-eabi/lib/thumb/v7-m/nofp/libc_nano.a(libc_a-nano-svfprintf.o)
 .data          0x00000000        0x0 /usr/lib/gcc/arm-none-eabi/14.2.1/../../../arm-none-eabi/lib/thumb/v7-m/nofp/libc_nano.a(libc_a-memchr-stub.o)
 .bss           0x00000000        0x0 /usr/lib/gcc/arm-none-eabi/14.2.1/../../../arm-none-eabi/lib/thumb/v7-m/nofp/libc_nano.a(libc_a-memchr-stub.o)
 .data          0x00000000        0x0 /usr/lib/gcc/arm-none-eabi/14.2.1/../../../arm-none-eabi/lib/thumb/v7-m/nofp/libc_nano.a(libc_a-mallocr.o)
 .data          0x00000000        0x0 /usr/lib/gcc/arm-none-eabi/14.2.1/../../../arm-none-eabi/lib/thumb/v7-m/nofp/libc_nano.a(libc_a-memcpy.o)
 .bss           0x00000000        0x0 /usr/lib/gcc/arm-none-eabi/14.2.1/../../../arm-none-eabi/lib/thumb/v7-m/nofp/libc_nano.a(libc_a-memcpy.o)
 .ARM.extab     0x00000000        0x0 /usr/lib/gcc/arm-none-eabi/14.2.1/../../../arm-none-eabi/lib/thumb/v7-m/nofp/libc_nano.a(libc_a-memcpy.o)
 .data          0x00000000        0x0 /usr/lib/gcc/arm-none-eabi/14.2.1/../../../arm-none-eabi/lib/thumb/v7-m/nofp/libc_nano.a(libc_a-freer.o)
 .bss           0x00000000        0x0 /usr/lib/gcc/arm-none-eabi/14.2.1/../../../arm-none-eabi/lib/thumb/v7-m/nofp/libc_nano.a(libc_a-freer.o)
 .text          0x00000000        0x0 /usr/lib/gcc/arm-none-eabi/14.2.1/../../../arm-none-eabi/lib/thumb/v7-m/nofp/libc_nano.a(libc_a-impure.o)
 .bss           0x00000000        0x0 /usr/lib/gcc/arm-none-eabi/14.2.1/../../../arm-none-eabi/lib/thumb/v7-m/nofp/libc_nano.a(libc_a-impure.o)
 .data          0x00000000        0x0 /usr/lib/gcc/arm-none-eabi/14.2.1/../../../arm-none-eabi/lib/thumb/v7-m/nofp/libc_nano.a(libc_a-reallocr.o)
 .bss           0x00000000        0x0 /usr/lib/gcc/arm-none-eabi/14.2.1/../../../arm-none-eabi/lib/thumb/v7-m/nofp/libc_nano.a(libc_a-reallocr.o)
 .data          0x00000000        0x0 /usr/lib/gcc/arm-none-eabi/14.2.1/../../../arm-none-eabi/lib/thumb/v7-m/nofp/libc_nano.a(libc_a-nano-vfprintf_i.o)
 .bss           0x00000000        0x0 /usr/lib/gcc/arm-none-eabi/14.2.1/../../../arm-none-eabi/lib/thumb/v7-m/nofp/libc_nano.a(libc_a-nano-vfprintf_i.o)
 .data          0x00000000        0x0 /usr/lib/gcc/arm-none-eabi/14.2.1/../../../arm-none-eabi/lib/thumb/v7-m/nofp/libc_nano.a(libc_a-mlock.o)
 .bss           0x00000000        0x0 /usr/lib/gcc/arm-none-eabi/14.2.1/../../../arm-none-eabi/lib/thumb/v7-m/nofp/libc_nano.a(libc_a-mlock.o)
 .data          0x00000000        0x0 /usr/lib/gcc/arm-none-eabi/14.2.1/../../../arm-none-eabi/lib/thumb/v7-m/nofp/libc_nano.a(libc_a-memmove.o)
 .bss           0x00000000        0x0 /usr/lib/gcc/arm-none-eabi/14.2.1/../../../arm-none-eabi/lib/thumb/v7-m/nofp/libc_nano.a(libc_a-memmove.o)
 .data          0x00000000        0x0 /usr/lib/gcc/arm-none-eabi/14.2.1/../../../arm-none-eabi/lib/thumb/v7-m/nofp/libc_nano.a(libc_a-sbrkr.o)
 .bss           0x00000000        0x0 /usr/lib/gcc/arm-none-eabi/14.2.1/../../../arm-none-eabi/lib/thumb/v7-m/nofp/libc_nano.a(libc_a-sbrkr.o)
 .data          0x00000000        0x0 /usr/lib/gcc/arm-none-eabi/14.2.1/../../../arm-none-eabi/lib/thumb/v7-m/nofp/libc_nano.a(libc_a-msizer.o)
 .bss           0x00000000        0x0 /usr/lib/gcc/arm-none-eabi/14.2.1/../../../arm-none-eabi/lib/thumb/v7-m/nofp/libc_nano.a(libc_a-msizer.o)
 .text          0x00000000       0xd4 /usr/lib/gcc/arm-none-eabi/14.2.1/../../../arm-none-eabi/lib/thumb/v7-m/nofp/libc_nano.a(libc_a-reent.o)
 .data          0x00000000        0x0 /usr/lib/gcc/arm-none-eabi/14.2.1/../../../arm-none-eabi/lib/thumb/v7-m/nofp/libc_nano.a(libc_a-reent.o)
 .data          0x00000000        0x0 /usr/lib/gcc/arm-none-eabi/14.2.1/../../../arm-none-eabi/lib/thumb/v7-m/nofp/libnosys.a(sbrk.o)

Memory Configuration

Name             Origin             Length             Attributes
FLASH            0x00000000         0x00400000         xr
RAM              0x20000000         0x00400000         rw
*default*        0x00000000         0xffffffff

Linker script and memory map

LOAD ./Output/list.o
LOAD ./Output/tasks.o
LOAD ./Output/heap_4.o
LOAD ./Output/port.o
LOAD ./Output/timeline_scheduler.o
LOAD ./Output/uart.o
LOAD ./Output/startup.o
START GROUP
LOAD /usr/lib/gcc/arm-none-eabi/14.2.1/thumb/v7-m/nofp/libgcc.a
LOAD /usr/lib/gcc/arm-none-eabi/14.2.1/../../../arm-none-eabi/lib/thumb/v7-m/nofp/libc_nano.a
END GROUP
START GROUP
LOAD /usr/lib/gcc/arm-none-eabi/14.2.1/thumb/v7-m/nofp/libgcc.a
LOAD /usr/lib/gcc/arm-none-eabi/14.2.1/../../../arm-none-eabi/lib/thumb/v7-m/nofp/libc_nano.a
LOAD /usr/lib/gcc/arm-none-eabi/14.2.1/../../../arm-none-eabi/lib/thumb/v7-m/nofp/libnosys.a
END GROUP
START GROUP
LOAD /usr/lib/gcc/arm-none-eabi/14.2.1/thumb/v7-m/nofp/libgcc.a
LOAD /usr/lib/gcc/arm-none-eabi/14.2.1/../../../arm-none-eabi/lib/thumb/v7-m/nofp/libc_nano.a
LOAD /usr/lib/gcc/arm-none-eabi/14.2.1/../../../arm-none-eabi/lib/thumb/v7-m/nofp/libnosys.a
END GROUP
                0x00000008                        _Min_Heap_Size = 0x8
                0x00000400                        _Min_Stack_Size = 0x400
                0x20400000                        _estack = (ORIGIN (RAM) + LENGTH (RAM))

.isr_vector     0x00000000       0x78
                0x00000000                        __vector_table = .
 *(.isr_vector)
 .isr_vector    0x00000000       0x78 ./Output/startup.o
                0x00000000                isr_vector
                0x00000078                        . = ALIGN (0x4)

.text           0x00000078      0xf5d
 *(.text)
 .text          0x00000078       0xa0 /usr/lib/gcc/arm-none-eabi/14.2.1/../../../arm-none-eabi/lib/thumb/v7-m/nofp/libc_nano.a(libc_a-memset.o)
                0x00000078                memset
 .text          0x00000118      0x10c /usr/lib/gcc/arm-none-eabi/14.2.1/../../../arm-none-eabi/lib/thumb/v7-m/nofp/libc_nano.a(libc_a-snprintf.o)
                0x00000118                _sniprintf_r
                0x00000118                _snprintf_r
                0x00000198                snprintf
                0x00000198                sniprintf
 .text          0x00000224      0x400 /usr/lib/gcc/arm-none-eabi/14.2.1/../../../arm-none-eabi/lib/thumb/v7-m/nofp/libc_nano.a(libc_a-nano-svfprintf.o)
                0x00000224                __ssputs_r
                0x000002e4                __ssprint_r
                0x000003f4                _svfprintf_r
                0x000003f4                _svfiprintf_r
 .text          0x00000624       0x98 /usr/lib/gcc/arm-none-eabi/14.2.1/../../../arm-none-eabi/lib/thumb/v7-m/nofp/libc_nano.a(libc_a-memchr-stub.o)
                0x00000624                memchr
 .text          0x000006bc      0x14c /usr/lib/gcc/arm-none-eabi/14.2.1/../../../arm-none-eabi/lib/thumb/v7-m/nofp/libc_nano.a(libc_a-mallocr.o)
                0x00000708                _malloc_r
 .text          0x00000808       0xec /usr/lib/gcc/arm-none-eabi/14.2.1/../../../arm-none-eabi/lib/thumb/v7-m/nofp/libc_nano.a(libc_a-memcpy.o)
                0x00000808                memcpy
 .text          0x000008f4       0xbc /usr/lib/gcc/arm-none-eabi/14.2.1/../../../arm-none-eabi/lib/thumb/v7-m/nofp/libc_nano.a(libc_a-freer.o)
                0x000008f4                _free_r
 .text          0x000009b0       0x64 /usr/lib/gcc/arm-none-eabi/14.2.1/../../../arm-none-eabi/lib/thumb/v7-m/nofp/libc_nano.a(libc_a-reallocr.o)
                0x000009b0                _realloc_r
 .text          0x00000a14      0x3a8 /usr/lib/gcc/arm-none-eabi/14.2.1/../../../arm-none-eabi/lib/thumb/v7-m/nofp/libc_nano.a(libc_a-nano-vfprintf_i.o)
                0x00000a14                _printf_common
                0x00000b38                _printf_i
 .text          0x00000dbc        0x8 /usr/lib/gcc/arm-none-eabi/14.2.1/../../../arm-none-eabi/lib/thumb/v7-m/nofp/libc_nano.a(libc_a-mlock.o)
                0x00000dbc                __malloc_lock
                0x00000dc0                __malloc_unlock
 .text          0x00000dc4       0xfc /usr/lib/gcc/arm-none-eabi/14.2.1/../../../arm-none-eabi/lib/thumb/v7-m/nofp/libc_nano.a(libc_a-memmove.o)
                0x00000dc4                memmove
 .text          0x00000ec0       0x24 /usr/lib/gcc/arm-none-eabi/14.2.1/../../../arm-none-eabi/lib/thumb/v7-m/nofp/libc_nano.a(libc_a-sbrkr.o)
                0x00000ec0                _sbrk_r
 .text          0x00000ee4       0x10 /usr/lib/gcc/arm-none-eabi/14.2.1/../../../arm-none-eabi/lib/thumb/v7-m/nofp/libc_nano.a(libc_a-msizer.o)
                0x00000ee4                _malloc_usable_size_r
 .text          0x00000ef4       0x1c /usr/lib/gcc/arm-none-eabi/14.2.1/../../../arm-none-eabi/lib/thumb/v7-m/nofp/libnosys.a(sbrk.o)
                0x00000ef4                _sbrk
 *(.rodata*)
 .rodata.vControllerTask.str1.1
                0x00000f10       0x8b ./Output/timeline_scheduler.o
                                  0x7 (size before relaxing)
 .rodata.vWorkerTask.str1.1
                0x00000f9b       0x12 ./Output/timeline_scheduler.o
 .rodata.vConfigureScheduler.str1.1
                0x00000f9b       0x22 ./Output/timeline_scheduler.o
 .rodata.main.str1.1
                0x00000f9b       0x12 ./Output/timeline_scheduler.o
 .rodata.str1.1
                0x00000f9b        0x8 ./Output/timeline_scheduler.o
 .rodata.prvGetRegistersFromStack.str1.1
                0x00000f9b       0x36 ./Output/startup.o
 *fill*         0x00000f9b        0x1 
 .rodata.str1.4
                0x00000f9c       0x39 /usr/lib/gcc/arm-none-eabi/14.2.1/../../../arm-none-eabi/lib/thumb/v7-m/nofp/libc_nano.a(libc_a-nano-svfprintf.o)
                                 0x13 (size before relaxing)
 .rodata.str1.4
                0x00000fd5       0x25 /usr/lib/gcc/arm-none-eabi/14.2.1/../../../arm-none-eabi/lib/thumb/v7-m/nofp/libc_nano.a(libc_a-nano-vfprintf_i.o)
 *(.constdata*)
                0x00000fd5                        _etext = .
                0x00000fd5                        _sidata = .

.glue_7         0x00000fd8        0x0
 .glue_7        0x00000fd8        0x0 linker stubs

.glue_7t        0x00000fd8        0x0
 .glue_7t       0x00000fd8        0x0 linker stubs

.vfp11_veneer   0x00000fd8        0x0
 .vfp11_veneer  0x00000fd8        0x0 linker stubs

.v4_bx          0x00000fd8        0x0
 .v4_bx         0x00000fd8        0x0 linker stubs

.text.vListInitialise
                0x00000fd6       0x16
 .text.vListInitialise
                0x00000fd6       0x16 ./Output/list.o
                0x00000fd6                vListInitialise

.text.vListInitialiseItem
                0x00000fec        0x6
 .text.vListInitialiseItem
                0x00000fec        0x6 ./Output/list.o
                0x00000fec                vListInitialiseItem

.text.vListInsert
                0x00000ff2       0x2e
 .text.vListInsert
                0x00000ff2       0x2e ./Output/list.o
                0x00000ff2                vListInsert

.text.uxListRemove
                0x00001020       0x1e
 .text.uxListRemove
                0x00001020       0x1e ./Output/list.o
                0x00001020                uxListRemove

.text.prvAddCurrentTaskToDelayedList
                0x00001040       0xb4
 .text.prvAddCurrentTaskToDelayedList
                0x00001040       0xb4 ./Output/tasks.o

.text.prvResetNextTaskUnblockTime
                0x000010f4       0x24
 .text.prvResetNextTaskUnblockTime
                0x000010f4       0x24 ./Output/tasks.o

.text.xTaskCreate
                0x00001118      0x1c0
 .text.xTaskCreate
                0x00001118      0x1c0 ./Output/tasks.o
                0x00001118                xTaskCreate

.text.vTaskSuspendAll
                0x000012d8       0x10
 .text.vTaskSuspendAll
                0x000012d8       0x10 ./Output/tasks.o
                0x000012d8                vTaskSuspendAll

.text.xTaskIncrementTick
                0x000012e8      0x180
 .text.xTaskIncrementTick
                0x000012e8      0x180 ./Output/tasks.o
                0x000012e8                xTaskIncrementTick

.text.xTaskResumeAll
                0x00001468      0x150
 .text.xTaskResumeAll
                0x00001468      0x150 ./Output/tasks.o
                0x00001468                xTaskResumeAll

.text.vTaskDelay
                0x000015b8       0x3c
 .text.vTaskDelay
                0x000015b8       0x3c ./Output/tasks.o
                0x000015b8                vTaskDelay

.text.vTaskSwitchContext
                0x000015f4       0x60
 .text.vTaskSwitchContext
                0x000015f4       0x60 ./Output/tasks.o
                0x000015f4                vTaskSwitchContext

.iplt           0x00001654        0x0
 .iplt          0x00001654        0x0 ./Output/tasks.o

.text.pvPortMalloc
                0x00001654      0x130
 .text.pvPortMalloc
                0x00001654      0x130 ./Output/heap_4.o
                0x00001654                pvPortMalloc

.text.vPortFree
                0x00001784       0xbc
 .text.vPortFree
                0x00001784       0xbc ./Output/heap_4.o
                0x00001784                vPortFree

.text.prvTaskExitError
                0x00001840       0x30
 .text.prvTaskExitError
                0x00001840       0x30 ./Output/port.o

.text.vPortSVCHandler
                0x00001870       0x24
 .text.vPortSVCHandler
                0x00001870       0x24 ./Output/port.o
                0x00001870                vPortSVCHandler

.text.xPortPendSVHandler
                0x000018a0       0x44
 .text.xPortPendSVHandler
                0x000018a0       0x44 ./Output/port.o
                0x000018a0                xPortPendSVHandler

.text.pxPortInitialiseStack
                0x000018e4       0x24
 .text.pxPortInitialiseStack
                0x000018e4       0x24 ./Output/port.o
                0x000018e4                pxPortInitialiseStack

.text.vPortEnterCritical
                0x00001908       0x30
 .text.vPortEnterCritical
                0x00001908       0x30 ./Output/port.o
                0x00001908                vPortEnterCritical

.text.vPortExitCritical
                0x00001938       0x18
 .text.vPortExitCritical
                0x00001938       0x18 ./Output/port.o
                0x00001938                vPortExitCritical

.text.xPortSysTickHandler
                0x00001950       0x2c
 .text.xPortSysTickHandler
                0x00001950       0x2c ./Output/port.o
                0x00001950                xPortSysTickHandler

.text.vControllerTask
                0x0000197c       0x10
 .text.vControllerTask
                0x0000197c       0x10 ./Output/timeline_scheduler.o
                0x0000197c                vControllerTask

.text.vWorkerTask
                0x0000198c       0x28
 .text.vWorkerTask
                0x0000198c       0x28 ./Output/timeline_scheduler.o
                0x0000198c                vWorkerTask

.text.mcd_tasks
                0x000019b4       0x36
 .text.mcd_tasks
                0x000019b4       0x36 ./Output/timeline_scheduler.o
                0x000019b4                mcd_tasks

.text.lcm       0x000019ea       0x20
 .text.lcm      0x000019ea       0x20 ./Output/timeline_scheduler.o
                0x000019ea                lcm

.text.lcm_tasks
                0x00001a0a       0x2e
 .text.lcm_tasks
                0x00001a0a       0x2e ./Output/timeline_scheduler.o
                0x00001a0a                lcm_tasks

.text.vConfigureScheduler
                0x00001a38       0x44
 .text.vConfigureScheduler
                0x00001a38       0x44 ./Output/timeline_scheduler.o
                0x00001a38                vConfigureScheduler

.text.startup.main
                0x00001a7c       0x54
 .text.startup.main
                0x00001a7c       0x54 ./Output/timeline_scheduler.o
                0x00001a7c                main

.text.UART_init
                0x00001ad0        0xe
 .text.UART_init
                0x00001ad0        0xe ./Output/uart.o
                0x00001ad0                UART_init

.text.UART_printf
                0x00001ade       0x12
 .text.UART_printf
                0x00001ade       0x12 ./Output/uart.o
                0x00001ade                UART_printf

.text.Default_Handler
                0x00001b00        0xc
 .text.Default_Handler
                0x00001b00        0xc ./Output/startup.o

.text.HardFault_Handler
                0x00001c00       0x18
 .text.HardFault_Handler
                0x00001c00       0x18 ./Output/startup.o

.text.Reset_Handler
                0x00001c18        0x4
 .text.Reset_Handler
                0x00001c18        0x4 ./Output/startup.o
                0x00001c18                Reset_Handler

.text.prvGetRegistersFromStack
                0x00001c1c       0x60
 .text.prvGetRegistersFromStack
                0x00001c1c       0x60 ./Output/startup.o
                0x00001c1c                prvGetRegistersFromStack

.rel.dyn        0x00001c7c        0x0
 .rel.iplt      0x00001c7c        0x0 ./Output/tasks.o

.ARM.exidx      0x00001c7c        0x8
 .ARM.exidx     0x00001c7c        0x8 /usr/lib/gcc/arm-none-eabi/14.2.1/../../../arm-none-eabi/lib/thumb/v7-m/nofp/libc_nano.a(libc_a-memcpy.o)

.data           0x20000000       0x50
                0x20000000                        . = ALIGN (0x8)
                0x20000000                        _data = .
                0x20000000                        _sdata = .
 *(vtable)
 *(.data)
 .data          0x20000000       0x50 /usr/lib/gcc/arm-none-eabi/14.2.1/../../../arm-none-eabi/lib/thumb/v7-m/nofp/libc_nano.a(libc_a-impure.o)
                0x20000000                _impure_ptr
                0x20000004                _impure_data
                0x20000050                        _edata = .

.igot.plt       0x20000050        0x0
 .igot.plt      0x20000050        0x0 ./Output/tasks.o

.data.uxCriticalNesting
                0x20000050        0x4
 .data.uxCriticalNesting
                0x20000050        0x4 ./Output/port.o

.data.cfg       0x20000054        0x8
 .data.cfg      0x20000054        0x8 ./Output/timeline_scheduler.o
                0x20000054                cfg

.data.tasks     0x2000005c       0x54
 .data.tasks    0x2000005c       0x54 ./Output/timeline_scheduler.o
                0x2000005c                tasks

.bss            0x200000b0       0x10
                0x200000b0                        . = ALIGN (0x8)
                0x200000b0                        _bss = .
                0x200000b0                        _sbss = .
 *(.bss)
 .bss           0x200000b0        0x8 /usr/lib/gcc/arm-none-eabi/14.2.1/../../../arm-none-eabi/lib/thumb/v7-m/nofp/libc_nano.a(libc_a-mallocr.o)
                0x200000b0                __malloc_sbrk_start
                0x200000b4                __malloc_free_list
 .bss           0x200000b8        0x4 /usr/lib/gcc/arm-none-eabi/14.2.1/../../../arm-none-eabi/lib/thumb/v7-m/nofp/libc_nano.a(libc_a-reent.o)
                0x200000b8                errno
 .bss           0x200000bc        0x4 /usr/lib/gcc/arm-none-eabi/14.2.1/../../../arm-none-eabi/lib/thumb/v7-m/nofp/libnosys.a(sbrk.o)
                0x200000c0                        _ebss = .

.bss.uxSchedulerSuspended
                0x200000c0        0x4
 .bss.uxSchedulerSuspended
                0x200000c0        0x4 ./Output/tasks.o

.bss.xNextTaskUnblockTime
                0x200000c4        0x4
 .bss.xNextTaskUnblockTime
                0x200000c4        0x4 ./Output/tasks.o

.bss.uxTaskNumber
                0x200000c8        0x4
 .bss.uxTaskNumber
                0x200000c8        0x4 ./Output/tasks.o

.bss.xNumOfOverflows
                0x200000cc        0x4
 .bss.xNumOfOverflows
                0x200000cc        0x4 ./Output/tasks.o

.bss.xYieldPendings
                0x200000d0        0x4
 .bss.xYieldPendings
                0x200000d0        0x4 ./Output/tasks.o

.bss.xPendedTicks
                0x200000d4        0x4
 .bss.xPendedTicks
                0x200000d4        0x4 ./Output/tasks.o

.bss.xSchedulerRunning
                0x200000d8        0x4
 .bss.xSchedulerRunning
                0x200000d8        0x4 ./Output/tasks.o

.bss.uxTopReadyPriority
                0x200000dc        0x4
 .bss.uxTopReadyPriority
                0x200000dc        0x4 ./Output/tasks.o

.bss.xTickCount
                0x200000e0        0x4
 .bss.xTickCount
                0x200000e0        0x4 ./Output/tasks.o

.bss.uxCurrentNumberOfTasks
                0x200000e4        0x4
 .bss.uxCurrentNumberOfTasks
                0x200000e4        0x4 ./Output/tasks.o

.bss.xSuspendedTaskList
                0x200000e8       0x14
 .bss.xSuspendedTaskList
                0x200000e8       0x14 ./Output/tasks.o

.bss.xTasksWaitingTermination
                0x200000fc       0x14
 .bss.xTasksWaitingTermination
                0x200000fc       0x14 ./Output/tasks.o

.bss.xPendingReadyList
                0x20000110       0x14
 .bss.xPendingReadyList
                0x20000110       0x14 ./Output/tasks.o

.bss.pxOverflowDelayedTaskList
                0x20000124        0x4
 .bss.pxOverflowDelayedTaskList
                0x20000124        0x4 ./Output/tasks.o

.bss.pxDelayedTaskList
                0x20000128        0x4
 .bss.pxDelayedTaskList
                0x20000128        0x4 ./Output/tasks.o

.bss.xDelayedTaskList2
                0x2000012c       0x14
 .bss.xDelayedTaskList2
                0x2000012c       0x14 ./Output/tasks.o

.bss.xDelayedTaskList1
                0x20000140       0x14
 .bss.xDelayedTaskList1
                0x20000140       0x14 ./Output/tasks.o

.bss.pxReadyTasksLists
                0x20000154       0xb4
 .bss.pxReadyTasksLists
                0x20000154       0xb4 ./Output/tasks.o

.bss.pxCurrentTCB
                0x20000208        0x4
 .bss.pxCurrentTCB
                0x20000208        0x4 ./Output/tasks.o
                0x20000208                pxCurrentTCB

.bss.xNumberOfSuccessfulFrees
                0x2000020c        0x4
 .bss.xNumberOfSuccessfulFrees
                0x2000020c        0x4 ./Output/heap_4.o

.bss.xNumberOfSuccessfulAllocations
                0x20000210        0x4
 .bss.xNumberOfSuccessfulAllocations
                0x20000210        0x4 ./Output/heap_4.o

.bss.xMinimumEverFreeBytesRemaining
                0x20000214        0x4
 .bss.xMinimumEverFreeBytesRemaining
                0x20000214        0x4 ./Output/heap_4.o

.bss.xFreeBytesRemaining
                0x20000218        0x4
 .bss.xFreeBytesRemaining
                0x20000218        0x4 ./Output/heap_4.o

.bss.pxEnd      0x2000021c        0x4
 .bss.pxEnd     0x2000021c        0x4 ./Output/heap_4.o

.bss.xStart     0x20000220        0x8
 .bss.xStart    0x20000220        0x8 ./Output/heap_4.o

.bss.ucHeap     0x20000228     0xf000
 .bss.ucHeap    0x20000228     0xf000 ./Output/heap_4.o

.bss.xWorkerHandle
                0x2000f228        0x4
 .bss.xWorkerHandle
                0x2000f228        0x4 ./Output/timeline_scheduler.o
                0x2000f228                xWorkerHandle

.bss.xControllerHandle
                0x2000f22c        0x4
 .bss.xControllerHandle
                0x2000f22c        0x4 ./Output/timeline_scheduler.o
                0x2000f22c                xControllerHandle

.bss.psr        0x2000f230        0x4
 .bss.psr       0x2000f230        0x4 ./Output/startup.o
                0x2000f230                psr

.bss.pc         0x2000f234        0x4
 .bss.pc        0x2000f234        0x4 ./Output/startup.o
                0x2000f234                pc

.bss.lr         0x2000f238        0x4
 .bss.lr        0x2000f238        0x4 ./Output/startup.o
                0x2000f238                lr

.bss.r12        0x2000f23c        0x4
 .bss.r12       0x2000f23c        0x4 ./Output/startup.o
                0x2000f23c                r12

.bss.r3         0x2000f240        0x4
 .bss.r3        0x2000f240        0x4 ./Output/startup.o
                0x2000f240                r3

.bss.r2         0x2000f244        0x4
 .bss.r2        0x2000f244        0x4 ./Output/startup.o
                0x2000f244                r2

.bss.r1         0x2000f248        0x4
 .bss.r1        0x2000f248        0x4 ./Output/startup.o
                0x2000f248                r1

.bss.r0         0x2000f24c        0x4
 .bss.r0        0x2000f24c        0x4 ./Output/startup.o
                0x2000f24c                r0

.heap           0x2000f250      0x408
                0x2000f250                        . = ALIGN (0x8)
                0x2000f250                        PROVIDE (end = .)
                [!provide]                        PROVIDE (_end = .)
                0x2000f250                        _heap_bottom = .
                0x2000f258                        . = (. + _Min_Heap_Size)
 *fill*         0x2000f250        0x8 
                0x2000f258                        _heap_top = .
                0x2000f658                        . = (. + _Min_Stack_Size)
 *fill*         0x2000f258      0x400 
                0x2000f658                        . = ALIGN (0x8)
                0x20400000                        __StackTop = (ORIGIN (RAM) + LENGTH (RAM))
                0x203ffc00                        __StackLimit = (__StackTop - _Min_Stack_Size)
                [!provide]                        PROVIDE (__stack = __StackTop)
                0x00000001                        ASSERT ((__StackLimit >= _heap_top), region RAM overflowed with stack)
OUTPUT(./Output/demo.elf elf32-littlearm)
LOAD linker stubs

.debug_info     0x00000000     0xb48b
 .debug_info    0x00000000      0x2b2 ./Output/list.o
 .debug_info    0x000002b2     0x305a ./Output/tasks.o
 .debug_info    0x0000330c      0x5d7 ./Output/heap_4.o
 .debug_info    0x000038e3      0x465 ./Output/port.o
 .debug_info    0x00003d48      0x79d ./Output/timeline_scheduler.o
 .debug_info    0x000044e5       0xd1 ./Output/uart.o
 .debug_info    0x000045b6      0x1fb ./Output/startup.o
 .debug_info    0x000047b1      0x135 /usr/lib/gcc/arm-none-eabi/14.2.1/../../../arm-none-eabi/lib/thumb/v7-m/nofp/libc_nano.a(libc_a-memset.o)
 .debug_info    0x000048e6      0x8ff /usr/lib/gcc/arm-none-eabi/14.2.1/../../../arm-none-eabi/lib/thumb/v7-m/nofp/libc_nano.a(libc_a-snprintf.o)
 .debug_info    0x000051e5     0x1094 /usr/lib/gcc/arm-none-eabi/14.2.1/../../../arm-none-eabi/lib/thumb/v7-m/nofp/libc_nano.a(libc_a-nano-svfprintf.o)
 .debug_info    0x00006279      0x14a /usr/lib/gcc/arm-none-eabi/14.2.1/../../../arm-none-eabi/lib/thumb/v7-m/nofp/libc_nano.a(libc_a-memchr-stub.o)
 .debug_info    0x000063c3      0x9b6 /usr/lib/gcc/arm-none-eabi/14.2.1/../../../arm-none-eabi/lib/thumb/v7-m/nofp/libc_nano.a(libc_a-mallocr.o)
 .debug_info    0x00006d79       0x33 /usr/lib/gcc/arm-none-eabi/14.2.1/../../../arm-none-eabi/lib/thumb/v7-m/nofp/libc_nano.a(libc_a-memcpy.o)
 .debug_info    0x00006dac      0x87f /usr/lib/gcc/arm-none-eabi/14.2.1/../../../arm-none-eabi/lib/thumb/v7-m/nofp/libc_nano.a(libc_a-freer.o)
 .debug_info    0x0000762b      0x70b /usr/lib/gcc/arm-none-eabi/14.2.1/../../../arm-none-eabi/lib/thumb/v7-m/nofp/libc_nano.a(libc_a-impure.o)
 .debug_info    0x00007d36      0x8cd /usr/lib/gcc/arm-none-eabi/14.2.1/../../../arm-none-eabi/lib/thumb/v7-m/nofp/libc_nano.a(libc_a-reallocr.o)
 .debug_info    0x00008603      0xdd7 /usr/lib/gcc/arm-none-eabi/14.2.1/../../../arm-none-eabi/lib/thumb/v7-m/nofp/libc_nano.a(libc_a-nano-vfprintf_i.o)
 .debug_info    0x000093da      0x71c /usr/lib/gcc/arm-none-eabi/14.2.1/../../../arm-none-eabi/lib/thumb/v7-m/nofp/libc_nano.a(libc_a-mlock.o)
 .debug_info    0x00009af6      0x148 /usr/lib/gcc/arm-none-eabi/14.2.1/../../../arm-none-eabi/lib/thumb/v7-m/nofp/libc_nano.a(libc_a-memmove.o)
 .debug_info    0x00009c3e      0x778 /usr/lib/gcc/arm-none-eabi/14.2.1/../../../arm-none-eabi/lib/thumb/v7-m/nofp/libc_nano.a(libc_a-sbrkr.o)
 .debug_info    0x0000a3b6      0x78a /usr/lib/gcc/arm-none-eabi/14.2.1/../../../arm-none-eabi/lib/thumb/v7-m/nofp/libc_nano.a(libc_a-msizer.o)
 .debug_info    0x0000ab40      0x89f /usr/lib/gcc/arm-none-eabi/14.2.1/../../../arm-none-eabi/lib/thumb/v7-m/nofp/libc_nano.a(libc_a-reent.o)
 .debug_info    0x0000b3df       0xac /usr/lib/gcc/arm-none-eabi/14.2.1/../../../arm-none-eabi/lib/thumb/v7-m/nofp/libnosys.a(sbrk.o)

.debug_abbrev   0x00000000     0x2a24
 .debug_abbrev  0x00000000      0x105 ./Output/list.o
 .debug_abbrev  0x00000105      0x4ff ./Output/tasks.o
 .debug_abbrev  0x00000604      0x2d2 ./Output/heap_4.o
 .debug_abbrev  0x000008d6      0x2a7 ./Output/port.o
 .debug_abbrev  0x00000b7d      0x2de ./Output/timeline_scheduler.o
 .debug_abbrev  0x00000e5b       0x93 ./Output/uart.o
 .debug_abbrev  0x00000eee      0x165 ./Output/startup.o
 .debug_abbrev  0x00001053       0xb7 /usr/lib/gcc/arm-none-eabi/14.2.1/../../../arm-none-eabi/lib/thumb/v7-m/nofp/libc_nano.a(libc_a-memset.o)
 .debug_abbrev  0x0000110a      0x23c /usr/lib/gcc/arm-none-eabi/14.2.1/../../../arm-none-eabi/lib/thumb/v7-m/nofp/libc_nano.a(libc_a-snprintf.o)
 .debug_abbrev  0x00001346      0x32f /usr/lib/gcc/arm-none-eabi/14.2.1/../../../arm-none-eabi/lib/thumb/v7-m/nofp/libc_nano.a(libc_a-nano-svfprintf.o)
 .debug_abbrev  0x00001675       0xc7 /usr/lib/gcc/arm-none-eabi/14.2.1/../../../arm-none-eabi/lib/thumb/v7-m/nofp/libc_nano.a(libc_a-memchr-stub.o)
 .debug_abbrev  0x0000173c      0x24a /usr/lib/gcc/arm-none-eabi/14.2.1/../../../arm-none-eabi/lib/thumb/v7-m/nofp/libc_nano.a(libc_a-mallocr.o)
 .debug_abbrev  0x00001986       0x28 /usr/lib/gcc/arm-none-eabi/14.2.1/../../../arm-none-eabi/lib/thumb/v7-m/nofp/libc_nano.a(libc_a-memcpy.o)
 .debug_abbrev  0x000019ae      0x249 /usr/lib/gcc/arm-none-eabi/14.2.1/../../../arm-none-eabi/lib/thumb/v7-m/nofp/libc_nano.a(libc_a-freer.o)
 .debug_abbrev  0x00001bf7      0x149 /usr/lib/gcc/arm-none-eabi/14.2.1/../../../arm-none-eabi/lib/thumb/v7-m/nofp/libc_nano.a(libc_a-impure.o)
 .debug_abbrev  0x00001d40      0x20c /usr/lib/gcc/arm-none-eabi/14.2.1/../../../arm-none-eabi/lib/thumb/v7-m/nofp/libc_nano.a(libc_a-reallocr.o)
 .debug_abbrev  0x00001f4c      0x284 /usr/lib/gcc/arm-none-eabi/14.2.1/../../../arm-none-eabi/lib/thumb/v7-m/nofp/libc_nano.a(libc_a-nano-vfprintf_i.o)
 .debug_abbrev  0x000021d0      0x192 /usr/lib/gcc/arm-none-eabi/14.2.1/../../../arm-none-eabi/lib/thumb/v7-m/nofp/libc_nano.a(libc_a-mlock.o)
 .debug_abbrev  0x00002362       0xc3 /usr/lib/gcc/arm-none-eabi/14.2.1/../../../arm-none-eabi/lib/thumb/v7-m/nofp/libc_nano.a(libc_a-memmove.o)
 .debug_abbrev  0x00002425      0x1da /usr/lib/gcc/arm-none-eabi/14.2.1/../../../arm-none-eabi/lib/thumb/v7-m/nofp/libc_nano.a(libc_a-sbrkr.o)
 .debug_abbrev  0x000025ff      0x196 /usr/lib/gcc/arm-none-eabi/14.2.1/../../../arm-none-eabi/lib/thumb/v7-m/nofp/libc_nano.a(libc_a-msizer.o)
 .debug_abbrev  0x00002795      0x1ee /usr/lib/gcc/arm-none-eabi/14.2.1/../../../arm-none-eabi/lib/thumb/v7-m/nofp/libc_nano.a(libc_a-reent.o)
 .debug_abbrev  0x00002983       0xa1 /usr/lib/gcc/arm-none-eabi/14.2.1/../../../arm-none-eabi/lib/thumb/v7-m/nofp/libnosys.a(sbrk.o)

.debug_loclists
                0x00000000     0x3a25
 .debug_loclists
                0x00000000       0x77 ./Output/list.o
 .debug_loclists
                0x00000077     0x1b4f ./Output/tasks.o
 .debug_loclists
                0x00001bc6      0x370 ./Output/heap_4.o
 .debug_loclists
                0x00001f36       0xb1 ./Output/port.o
 .debug_loclists
                0x00001fe7      0x2d2 ./Output/timeline_scheduler.o
 .debug_loclists
                0x000022b9       0x29 ./Output/uart.o
 .debug_loclists
                0x000022e2       0x29 ./Output/startup.o
 .debug_loclists
                0x0000230b      0x1d7 /usr/lib/gcc/arm-none-eabi/14.2.1/../../../arm-none-eabi/lib/thumb/v7-m/nofp/libc_nano.a(libc_a-memset.o)
 .debug_loclists
                0x000024e2      0x214 /usr/lib/gcc/arm-none-eabi/14.2.1/../../../arm-none-eabi/lib/thumb/v7-m/nofp/libc_nano.a(libc_a-snprintf.o)
 .debug_loclists
                0x000026f6      0x531 /usr/lib/gcc/arm-none-eabi/14.2.1/../../../arm-none-eabi/lib/thumb/v7-m/nofp/libc_nano.a(libc_a-nano-svfprintf.o)
 .debug_loclists
                0x00002c27      0x172 /usr/lib/gcc/arm-none-eabi/14.2.1/../../../arm-none-eabi/lib/thumb/v7-m/nofp/libc_nano.a(libc_a-memchr-stub.o)
 .debug_loclists
                0x00002d99      0x273 /usr/lib/gcc/arm-none-eabi/14.2.1/../../../arm-none-eabi/lib/thumb/v7-m/nofp/libc_nano.a(libc_a-mallocr.o)
 .debug_loclists
                0x0000300c      0x164 /usr/lib/gcc/arm-none-eabi/14.2.1/../../../arm-none-eabi/lib/thumb/v7-m/nofp/libc_nano.a(libc_a-freer.o)
 .debug_loclists
                0x00003170      0x102 /usr/lib/gcc/arm-none-eabi/14.2.1/../../../arm-none-eabi/lib/thumb/v7-m/nofp/libc_nano.a(libc_a-reallocr.o)
 .debug_loclists
                0x00003272      0x444 /usr/lib/gcc/arm-none-eabi/14.2.1/../../../arm-none-eabi/lib/thumb/v7-m/nofp/libc_nano.a(libc_a-nano-vfprintf_i.o)
 .debug_loclists
                0x000036b6      0x21b /usr/lib/gcc/arm-none-eabi/14.2.1/../../../arm-none-eabi/lib/thumb/v7-m/nofp/libc_nano.a(libc_a-memmove.o)
 .debug_loclists
                0x000038d1       0x4b /usr/lib/gcc/arm-none-eabi/14.2.1/../../../arm-none-eabi/lib/thumb/v7-m/nofp/libc_nano.a(libc_a-sbrkr.o)
 .debug_loclists
                0x0000391c       0x59 /usr/lib/gcc/arm-none-eabi/14.2.1/../../../arm-none-eabi/lib/thumb/v7-m/nofp/libc_nano.a(libc_a-msizer.o)
 .debug_loclists
                0x00003975       0x80 /usr/lib/gcc/arm-none-eabi/14.2.1/../../../arm-none-eabi/lib/thumb/v7-m/nofp/libc_nano.a(libc_a-reent.o)
 .debug_loclists
                0x000039f5       0x30 /usr/lib/gcc/arm-none-eabi/14.2.1/../../../arm-none-eabi/lib/thumb/v7-m/nofp/libnosys.a(sbrk.o)

.debug_aranges  0x00000000      0x5b8
 .debug_aranges
                0x00000000       0x40 ./Output/list.o
 .debug_aranges
                0x00000040      0x1f0 ./Output/tasks.o
 .debug_aranges
                0x00000230       0x58 ./Output/heap_4.o
 .debug_aranges
                0x00000288       0x78 ./Output/port.o
 .debug_aranges
                0x00000300       0x60 ./Output/timeline_scheduler.o
 .debug_aranges
                0x00000360       0x28 ./Output/uart.o
 .debug_aranges
                0x00000388       0x38 ./Output/startup.o
 .debug_aranges
                0x000003c0       0x20 /usr/lib/gcc/arm-none-eabi/14.2.1/../../../arm-none-eabi/lib/thumb/v7-m/nofp/libc_nano.a(libc_a-memset.o)
 .debug_aranges
                0x000003e0       0x20 /usr/lib/gcc/arm-none-eabi/14.2.1/../../../arm-none-eabi/lib/thumb/v7-m/nofp/libc_nano.a(libc_a-snprintf.o)
 .debug_aranges
                0x00000400       0x20 /usr/lib/gcc/arm-none-eabi/14.2.1/../../../arm-none-eabi/lib/thumb/v7-m/nofp/libc_nano.a(libc_a-nano-svfprintf.o)
 .debug_aranges
                0x00000420       0x20 /usr/lib/gcc/arm-none-eabi/14.2.1/../../../arm-none-eabi/lib/thumb/v7-m/nofp/libc_nano.a(libc_a-memchr-stub.o)
 .debug_aranges
                0x00000440       0x20 /usr/lib/gcc/arm-none-eabi/14.2.1/../../../arm-none-eabi/lib/thumb/v7-m/nofp/libc_nano.a(libc_a-mallocr.o)
 .debug_aranges
                0x00000460       0x20 /usr/lib/gcc/arm-none-eabi/14.2.1/../../../arm-none-eabi/lib/thumb/v7-m/nofp/libc_nano.a(libc_a-memcpy.o)
 .debug_aranges
                0x00000480       0x20 /usr/lib/gcc/arm-none-eabi/14.2.1/../../../arm-none-eabi/lib/thumb/v7-m/nofp/libc_nano.a(libc_a-freer.o)
 .debug_aranges
                0x000004a0       0x18 /usr/lib/gcc/arm-none-eabi/14.2.1/../../../arm-none-eabi/lib/thumb/v7-m/nofp/libc_nano.a(libc_a-impure.o)
 .debug_aranges
                0x000004b8       0x20 /usr/lib/gcc/arm-none-eabi/14.2.1/../../../arm-none-eabi/lib/thumb/v7-m/nofp/libc_nano.a(libc_a-reallocr.o)
 .debug_aranges
                0x000004d8       0x20 /usr/lib/gcc/arm-none-eabi/14.2.1/../../../arm-none-eabi/lib/thumb/v7-m/nofp/libc_nano.a(libc_a-nano-vfprintf_i.o)
 .debug_aranges
                0x000004f8       0x20 /usr/lib/gcc/arm-none-eabi/14.2.1/../../../arm-none-eabi/lib/thumb/v7-m/nofp/libc_nano.a(libc_a-mlock.o)
 .debug_aranges
                0x00000518       0x20 /usr/lib/gcc/arm-none-eabi/14.2.1/../../../arm-none-eabi/lib/thumb/v7-m/nofp/libc_nano.a(libc_a-memmove.o)
 .debug_aranges
                0x00000538       0x20 /usr/lib/gcc/arm-none-eabi/14.2.1/../../../arm-none-eabi/lib/thumb/v7-m/nofp/libc_nano.a(libc_a-sbrkr.o)
 .debug_aranges
                0x00000558       0x20 /usr/lib/gcc/arm-none-eabi/14.2.1/../../../arm-none-eabi/lib/thumb/v7-m/nofp/libc_nano.a(libc_a-msizer.o)
 .debug_aranges
                0x00000578       0x20 /usr/lib/gcc/arm-none-eabi/14.2.1/../../../arm-none-eabi/lib/thumb/v7-m/nofp/libc_nano.a(libc_a-reent.o)
 .debug_aranges
                0x00000598       0x20 /usr/lib/gcc/arm-none-eabi/14.2.1/../../../arm-none-eabi/lib/thumb/v7-m/nofp/libnosys.a(sbrk.o)

.debug_rnglists
                0x00000000      0x585
 .debug_rnglists
                0x00000000       0x2b ./Output/list.o
 .debug_rnglists
                0x0000002b      0x303 ./Output/tasks.o
 .debug_rnglists
                0x0000032e       0x4c ./Output/heap_4.o
 .debug_rnglists
                0x0000037a       0x6e ./Output/port.o
 .debug_rnglists
                0x000003e8       0x85 ./Output/timeline_scheduler.o
 .debug_rnglists
                0x0000046d       0x19 ./Output/uart.o
 .debug_rnglists
                0x00000486       0x25 ./Output/startup.o
 .debug_rnglists
                0x000004ab       0x42 /usr/lib/gcc/arm-none-eabi/14.2.1/../../../arm-none-eabi/lib/thumb/v7-m/nofp/libc_nano.a(libc_a-nano-svfprintf.o)
 .debug_rnglists
                0x000004ed       0x1f /usr/lib/gcc/arm-none-eabi/14.2.1/../../../arm-none-eabi/lib/thumb/v7-m/nofp/libc_nano.a(libc_a-mallocr.o)
 .debug_rnglists
                0x0000050c       0x13 /usr/lib/gcc/arm-none-eabi/14.2.1/../../../arm-none-eabi/lib/thumb/v7-m/nofp/libc_nano.a(libc_a-freer.o)
 .debug_rnglists
                0x0000051f       0x66 /usr/lib/gcc/arm-none-eabi/14.2.1/../../../arm-none-eabi/lib/thumb/v7-m/nofp/libc_nano.a(libc_a-nano-vfprintf_i.o)

.debug_macro    0x00000000     0x3d50
 .debug_macro   0x00000000      0x171 ./Output/list.o
 .debug_macro   0x00000171      0xac0 ./Output/list.o
 .debug_macro   0x00000c31       0x24 ./Output/list.o
 .debug_macro   0x00000c55       0x22 ./Output/list.o
 .debug_macro   0x00000c77       0x60 ./Output/list.o
 .debug_macro   0x00000cd7       0x94 ./Output/list.o
 .debug_macro   0x00000d6b       0x3c ./Output/list.o
 .debug_macro   0x00000da7       0x34 ./Output/list.o
 .debug_macro   0x00000ddb       0x16 ./Output/list.o
 .debug_macro   0x00000df1      0x11c ./Output/list.o
 .debug_macro   0x00000f0d       0x9b ./Output/list.o
 .debug_macro   0x00000fa8       0x57 ./Output/list.o
 .debug_macro   0x00000fff      0x364 ./Output/list.o
 .debug_macro   0x00001363       0x16 ./Output/list.o
 .debug_macro   0x00001379       0x4a ./Output/list.o
 .debug_macro   0x000013c3       0x34 ./Output/list.o
 .debug_macro   0x000013f7       0x10 ./Output/list.o
 .debug_macro   0x00001407       0x52 ./Output/list.o
 .debug_macro   0x00001459      0x1e5 ./Output/list.o
 .debug_macro   0x0000163e       0x16 ./Output/list.o
 .debug_macro   0x00001654       0x29 ./Output/list.o
 .debug_macro   0x0000167d      0x34e ./Output/list.o
 .debug_macro   0x000019cb       0x16 ./Output/list.o
 .debug_macro   0x000019e1      0x164 ./Output/list.o
 .debug_macro   0x00001b45       0x1c ./Output/list.o
 .debug_macro   0x00001b61      0x182 ./Output/list.o
 .debug_macro   0x00001ce3       0xe7 ./Output/list.o
 .debug_macro   0x00001dca       0x2e ./Output/list.o
 .debug_macro   0x00001df8       0x1f ./Output/list.o
 .debug_macro   0x00001e17       0x12 ./Output/list.o
 .debug_macro   0x00001e29      0xfd7 ./Output/list.o
 .debug_macro   0x00002e00       0xc3 ./Output/list.o
 .debug_macro   0x00002ec3      0x289 ./Output/tasks.o
 .debug_macro   0x0000314c       0x16 ./Output/tasks.o
 .debug_macro   0x00003162       0x3c ./Output/tasks.o
 .debug_macro   0x0000319e      0x14f ./Output/tasks.o
 .debug_macro   0x000032ed       0x98 ./Output/tasks.o
 .debug_macro   0x00003385       0x17 ./Output/tasks.o
 .debug_macro   0x0000339c      0x201 ./Output/heap_4.o
 .debug_macro   0x0000359d      0x162 ./Output/port.o
 .debug_macro   0x000036ff      0x190 ./Output/port.o
 .debug_macro   0x0000388f      0x19b ./Output/timeline_scheduler.o
 .debug_macro   0x00003a2a       0x28 ./Output/timeline_scheduler.o
 .debug_macro   0x00003a52       0x16 ./Output/timeline_scheduler.o
 .debug_macro   0x00003a68       0x10 ./Output/timeline_scheduler.o
 .debug_macro   0x00003a78       0x16 ./Output/timeline_scheduler.o
 .debug_macro   0x00003a8e       0x16 ./Output/timeline_scheduler.o
 .debug_macro   0x00003aa4      0x170 ./Output/timeline_scheduler.o
 .debug_macro   0x00003c14       0x8d ./Output/uart.o
 .debug_macro   0x00003ca1       0x22 ./Output/uart.o
 .debug_macro   0x00003cc3       0x8d ./Output/startup.o

.debug_line     0x00000000     0x6f9c
 .debug_line    0x00000000      0x445 ./Output/list.o
 .debug_line    0x00000445     0x2a10 ./Output/tasks.o
 .debug_line    0x00002e55      0x81f ./Output/heap_4.o
 .debug_line    0x00003674      0x525 ./Output/port.o
 .debug_line    0x00003b99      0x51f ./Output/timeline_scheduler.o
 .debug_line    0x000040b8      0x196 ./Output/uart.o
 .debug_line    0x0000424e      0x1f2 ./Output/startup.o
 .debug_line    0x00004440      0x1b5 /usr/lib/gcc/arm-none-eabi/14.2.1/../../../arm-none-eabi/lib/thumb/v7-m/nofp/libc_nano.a(libc_a-memset.o)
 .debug_line    0x000045f5      0x35e /usr/lib/gcc/arm-none-eabi/14.2.1/../../../arm-none-eabi/lib/thumb/v7-m/nofp/libc_nano.a(libc_a-snprintf.o)
 .debug_line    0x00004953      0x86a /usr/lib/gcc/arm-none-eabi/14.2.1/../../../arm-none-eabi/lib/thumb/v7-m/nofp/libc_nano.a(libc_a-nano-svfprintf.o)
 .debug_line    0x000051bd      0x204 /usr/lib/gcc/arm-none-eabi/14.2.1/../../../arm-none-eabi/lib/thumb/v7-m/nofp/libc_nano.a(libc_a-memchr-stub.o)
 .debug_line    0x000053c1      0x468 /usr/lib/gcc/arm-none-eabi/14.2.1/../../../arm-none-eabi/lib/thumb/v7-m/nofp/libc_nano.a(libc_a-mallocr.o)
 .debug_line    0x00005829       0xbd /usr/lib/gcc/arm-none-eabi/14.2.1/../../../arm-none-eabi/lib/thumb/v7-m/nofp/libc_nano.a(libc_a-memcpy.o)
 .debug_line    0x000058e6      0x2d0 /usr/lib/gcc/arm-none-eabi/14.2.1/../../../arm-none-eabi/lib/thumb/v7-m/nofp/libc_nano.a(libc_a-freer.o)
 .debug_line    0x00005bb6       0xeb /usr/lib/gcc/arm-none-eabi/14.2.1/../../../arm-none-eabi/lib/thumb/v7-m/nofp/libc_nano.a(libc_a-impure.o)
 .debug_line    0x00005ca1      0x202 /usr/lib/gcc/arm-none-eabi/14.2.1/../../../arm-none-eabi/lib/thumb/v7-m/nofp/libc_nano.a(libc_a-reallocr.o)
 .debug_line    0x00005ea3      0x778 /usr/lib/gcc/arm-none-eabi/14.2.1/../../../arm-none-eabi/lib/thumb/v7-m/nofp/libc_nano.a(libc_a-nano-vfprintf_i.o)
 .debug_line    0x0000661b      0x15b /usr/lib/gcc/arm-none-eabi/14.2.1/../../../arm-none-eabi/lib/thumb/v7-m/nofp/libc_nano.a(libc_a-mlock.o)
 .debug_line    0x00006776      0x211 /usr/lib/gcc/arm-none-eabi/14.2.1/../../../arm-none-eabi/lib/thumb/v7-m/nofp/libc_nano.a(libc_a-memmove.o)
 .debug_line    0x00006987      0x19e /usr/lib/gcc/arm-none-eabi/14.2.1/../../../arm-none-eabi/lib/thumb/v7-m/nofp/libc_nano.a(libc_a-sbrkr.o)
 .debug_line    0x00006b25      0x17e /usr/lib/gcc/arm-none-eabi/14.2.1/../../../arm-none-eabi/lib/thumb/v7-m/nofp/libc_nano.a(libc_a-msizer.o)
 .debug_line    0x00006ca3      0x283 /usr/lib/gcc/arm-none-eabi/14.2.1/../../../arm-none-eabi/lib/thumb/v7-m/nofp/libc_nano.a(libc_a-reent.o)
 .debug_line    0x00006f26       0x76 /usr/lib/gcc/arm-none-eabi/14.2.1/../../../arm-none-eabi/lib/thumb/v7-m/nofp/libnosys.a(sbrk.o)

.debug_str      0x00000000    0x158c2
 .debug_str     0x00000000    0x158c2 ./Output/list.o
                               0xfe89 (size before relaxing)
 .debug_str     0x000158c2    0x135be ./Output/tasks.o
 .debug_str     0x000158c2    0x1197c ./Output/heap_4.o
 .debug_str     0x000158c2     0xec94 ./Output/port.o
 .debug_str     0x000158c2    0x11a81 ./Output/timeline_scheduler.o
 .debug_str     0x000158c2     0xc4ce ./Output/uart.o
 .debug_str     0x000158c2     0xc574 ./Output/startup.o
 .debug_str     0x000158c2      0x1a9 /usr/lib/gcc/arm-none-eabi/14.2.1/../../../arm-none-eabi/lib/thumb/v7-m/nofp/libc_nano.a(libc_a-memset.o)
 .debug_str     0x000158c2      0x506 /usr/lib/gcc/arm-none-eabi/14.2.1/../../../arm-none-eabi/lib/thumb/v7-m/nofp/libc_nano.a(libc_a-snprintf.o)
 .debug_str     0x000158c2      0x801 /usr/lib/gcc/arm-none-eabi/14.2.1/../../../arm-none-eabi/lib/thumb/v7-m/nofp/libc_nano.a(libc_a-nano-svfprintf.o)
 .debug_str     0x000158c2      0x1b9 /usr/lib/gcc/arm-none-eabi/14.2.1/../../../arm-none-eabi/lib/thumb/v7-m/nofp/libc_nano.a(libc_a-memchr-stub.o)
 .debug_str     0x000158c2      0x599 /usr/lib/gcc/arm-none-eabi/14.2.1/../../../arm-none-eabi/lib/thumb/v7-m/nofp/libc_nano.a(libc_a-mallocr.o)
 .debug_str     0x000158c2       0xaf /usr/lib/gcc/arm-none-eabi/14.2.1/../../../arm-none-eabi/lib/thumb/v7-m/nofp/libc_nano.a(libc_a-memcpy.o)
 .debug_str     0x000158c2      0x538 /usr/lib/gcc/arm-none-eabi/14.2.1/../../../arm-none-eabi/lib/thumb/v7-m/nofp/libc_nano.a(libc_a-freer.o)
 .debug_str     0x000158c2      0x4b8 /usr/lib/gcc/arm-none-eabi/14.2.1/../../../arm-none-eabi/lib/thumb/v7-m/nofp/libc_nano.a(libc_a-impure.o)
 .debug_str     0x000158c2      0x52e /usr/lib/gcc/arm-none-eabi/14.2.1/../../../arm-none-eabi/lib/thumb/v7-m/nofp/libc_nano.a(libc_a-reallocr.o)
 .debug_str     0x000158c2      0x797 /usr/lib/gcc/arm-none-eabi/14.2.1/../../../arm-none-eabi/lib/thumb/v7-m/nofp/libc_nano.a(libc_a-nano-vfprintf_i.o)
 .debug_str     0x000158c2      0x4d6 /usr/lib/gcc/arm-none-eabi/14.2.1/../../../arm-none-eabi/lib/thumb/v7-m/nofp/libc_nano.a(libc_a-mlock.o)
 .debug_str     0x000158c2      0x1c8 /usr/lib/gcc/arm-none-eabi/14.2.1/../../../arm-none-eabi/lib/thumb/v7-m/nofp/libc_nano.a(libc_a-memmove.o)
 .debug_str     0x000158c2      0x4c1 /usr/lib/gcc/arm-none-eabi/14.2.1/../../../arm-none-eabi/lib/thumb/v7-m/nofp/libc_nano.a(libc_a-sbrkr.o)
 .debug_str     0x000158c2      0x501 /usr/lib/gcc/arm-none-eabi/14.2.1/../../../arm-none-eabi/lib/thumb/v7-m/nofp/libc_nano.a(libc_a-msizer.o)
 .debug_str     0x000158c2      0x4d7 /usr/lib/gcc/arm-none-eabi/14.2.1/../../../arm-none-eabi/lib/thumb/v7-m/nofp/libc_nano.a(libc_a-reent.o)
 .debug_str     0x000158c2      0x119 /usr/lib/gcc/arm-none-eabi/14.2.1/../../../arm-none-eabi/lib/thumb/v7-m/nofp/libnosys.a(sbrk.o)

.comment        0x00000000       0x4c
 .comment       0x00000000       0x4c ./Output/list.o
                                 0x27 (size before relaxing)
 .comment       0x0000004c       0x27 ./Output/tasks.o
 .comment       0x0000004c       0x27 ./Output/heap_4.o
 .comment       0x0000004c       0x27 ./Output/port.o
 .comment       0x0000004c       0x27 ./Output/timeline_scheduler.o
 .comment       0x0000004c       0x27 ./Output/uart.o
 .comment       0x0000004c       0x27 ./Output/startup.o
 .comment       0x0000004c       0x27 /usr/lib/gcc/arm-none-eabi/14.2.1/../../../arm-none-eabi/lib/thumb/v7-m/nofp/libc_nano.a(libc_a-memset.o)
 .comment       0x0000004c       0x27 /usr/lib/gcc/arm-none-eabi/14.2.1/../../../arm-none-eabi/lib/thumb/v7-m/nofp/libc_nano.a(libc_a-snprintf.o)
 .comment       0x0000004c       0x27 /usr/lib/gcc/arm-none-eabi/14.2.1/../../../arm-none-eabi/lib/thumb/v7-m/nofp/libc_nano.a(libc_a-nano-svfprintf.o)
 .comment       0x0000004c       0x27 /usr/lib/gcc/arm-none-eabi/14.2.1/../../../arm-none-eabi/lib/thumb/v7-m/nofp/libc_nano.a(libc_a-memchr-stub.o)
 .comment       0x0000004c       0x27 /usr/lib/gcc/arm-none-eabi/14.2.1/../../../arm-none-eabi/lib/thumb/v7-m/nofp/libc_nano.a(libc_a-mallocr.o)
 .comment       0x0000004c       0x27 /usr/lib/gcc/arm-none-eabi/14.2.1/../../../arm-none-eabi/lib/thumb/v7-m/nofp/libc_nano.a(libc_a-freer.o)
 .comment       0x0000004c       0x27 /usr/lib/gcc/arm-none-eabi/14.2.1/../../../arm-none-eabi/lib/thumb/v7-m/nofp/libc_nano.a(libc_a-impure.o)
 .comment       0x0000004c       0x27 /usr/lib/gcc/arm-none-eabi/14.2.1/../../../arm-none-eabi/lib/thumb/v7-m/nofp/libc_nano.a(libc_a-reallocr.o)
 .comment       0x0000004c       0x27 /usr/lib/gcc/arm-none-eabi/14.2.1/../../../arm-none-eabi/lib/thumb/v7-m/nofp/libc_nano.a(libc_a-nano-vfprintf_i.o)
 .comment       0x0000004c       0x27 /usr/lib/gcc/arm-none-eabi/14.2.1/../../../arm-none-eabi/lib/thumb/v7-m/nofp/libc_nano.a(libc_a-mlock.o)
 .comment       0x0000004c       0x27 /usr/lib/gcc/arm-none-eabi/14.2.1/../../../arm-none-eabi/lib/thumb/v7-m/nofp/libc_nano.a(libc_a-memmove.o)
 .comment       0x0000004c       0x27 /usr/lib/gcc/arm-none-eabi/14.2.1/../../../arm-none-eabi/lib/thumb/v7-m/nofp/libc_nano.a(libc_a-sbrkr.o)
 .comment       0x0000004c       0x27 /usr/lib/gcc/arm-none-eabi/14.2.1/../../../arm-none-eabi/lib/thumb/v7-m/nofp/libc_nano.a(libc_a-msizer.o)
 .comment       0x0000004c       0x27 /usr/lib/gcc/arm-none-eabi/14.2.1/../../../arm-none-eabi/lib/thumb/v7-m/nofp/libc_nano.a(libc_a-reent.o)
 .comment       0x0000004c       0x27 /usr/lib/gcc/arm-none-eabi/14.2.1/../../../arm-none-eabi/lib/thumb/v7-m/nofp/libnosys.a(sbrk.o)

.ARM.attributes
                0x00000000       0x2b
 .ARM.attributes
                0x00000000       0x2d ./Output/list.o
 .ARM.attributes
                0x0000002d       0x2d ./Output/tasks.o
 .ARM.attributes
                0x0000005a       0x2d ./Output/heap_4.o
 .ARM.attributes
                0x00000087       0x2d ./Output/port.o
 .ARM.attributes
                0x000000b4       0x2d ./Output/timeline_scheduler.o
 .ARM.attributes
                0x000000e1       0x2d ./Output/uart.o
 .ARM.attributes
                0x0000010e       0x2d ./Output/startup.o
 .ARM.attributes
                0x0000013b       0x2d /usr/lib/gcc/arm-none-eabi/14.2.1/../../../arm-none-eabi/lib/thumb/v7-m/nofp/libc_nano.a(libc_a-memset.o)
 .ARM.attributes
                0x00000168       0x2d /usr/lib/gcc/arm-none-eabi/14.2.1/../../../arm-none-eabi/lib/thumb/v7-m/nofp/libc_nano.a(libc_a-snprintf.o)
 .ARM.attributes
                0x00000195       0x2d /usr/lib/gcc/arm-none-eabi/14.2.1/../../../arm-none-eabi/lib/thumb/v7-m/nofp/libc_nano.a(libc_a-nano-svfprintf.o)
 .ARM.attributes
                0x000001c2       0x2d /usr/lib/gcc/arm-none-eabi/14.2.1/../../../arm-none-eabi/lib/thumb/v7-m/nofp/libc_nano.a(libc_a-memchr-stub.o)
 .ARM.attributes
                0x000001ef       0x2d /usr/lib/gcc/arm-none-eabi/14.2.1/../../../arm-none-eabi/lib/thumb/v7-m/nofp/libc_nano.a(libc_a-mallocr.o)
 .ARM.attributes
                0x0000021c       0x1b /usr/lib/gcc/arm-none-eabi/14.2.1/../../../arm-none-eabi/lib/thumb/v7-m/nofp/libc_nano.a(libc_a-memcpy.o)
 .ARM.attributes
                0x00000237       0x2d /usr/lib/gcc/arm-none-eabi/14.2.1/../../../arm-none-eabi/lib/thumb/v7-m/nofp/libc_nano.a(libc_a-freer.o)
 .ARM.attributes
                0x00000264       0x2d /usr/lib/gcc/arm-none-eabi/14.2.1/../../../arm-none-eabi/lib/thumb/v7-m/nofp/libc_nano.a(libc_a-impure.o)
 .ARM.attributes
                0x00000291       0x2d /usr/lib/gcc/arm-none-eabi/14.2.1/../../../arm-none-eabi/lib/thumb/v7-m/nofp/libc_nano.a(libc_a-reallocr.o)
 .ARM.attributes
                0x000002be       0x2d /usr/lib/gcc/arm-none-eabi/14.2.1/../../../arm-none-eabi/lib/thumb/v7-m/nofp/libc_nano.a(libc_a-nano-vfprintf_i.o)
 .ARM.attributes
                0x000002eb       0x2d /usr/lib/gcc/arm-none-eabi/14.2.1/../../../arm-none-eabi/lib/thumb/v7-m/nofp/libc_nano.a(libc_a-mlock.o)
 .ARM.attributes
                0x00000318       0x2d /usr/lib/gcc/arm-none-eabi/14.2.1/../../../arm-none-eabi/lib/thumb/v7-m/nofp/libc_nano.a(libc_a-memmove.o)
 .ARM.attributes
                0x00000345       0x2d /usr/lib/gcc/arm-none-eabi/14.2.1/../../../arm-none-eabi/lib/thumb/v7-m/nofp/libc_nano.a(libc_a-sbrkr.o)
 .ARM.attributes
                0x00000372       0x2d /usr/lib/gcc/arm-none-eabi/14.2.1/../../../arm-none-eabi/lib/thumb/v7-m/nofp/libc_nano.a(libc_a-msizer.o)
 .ARM.attributes
                0x0000039f       0x2d /usr/lib/gcc/arm-none-eabi/14.2.1/../../../arm-none-eabi/lib/thumb/v7-m/nofp/libc_nano.a(libc_a-reent.o)
 .ARM.attributes
                0x000003cc       0x2d /usr/lib/gcc/arm-none-eabi/14.2.1/../../../arm-none-eabi/lib/thumb/v7-m/nofp/libnosys.a(sbrk.o)

.debug_frame    0x00000000      0xdfc
 .debug_frame   0x00000000       0x6c ./Output/list.o
 .debug_frame   0x0000006c      0x640 ./Output/tasks.o
 .debug_frame   0x000006ac       0xe4 ./Output/heap_4.o
 .debug_frame   0x00000790       0xec ./Output/port.o
 .debug_frame   0x0000087c       0xe4 ./Output/timeline_scheduler.o
 .debug_frame   0x00000960       0x30 ./Output/uart.o
 .debug_frame   0x00000990       0x58 ./Output/startup.o
 .debug_frame   0x000009e8       0x2c /usr/lib/gcc/arm-none-eabi/14.2.1/../../../arm-none-eabi/lib/thumb/v7-m/nofp/libc_nano.a(libc_a-memset.o)
 .debug_frame   0x00000a14       0x94 /usr/lib/gcc/arm-none-eabi/14.2.1/../../../arm-none-eabi/lib/thumb/v7-m/nofp/libc_nano.a(libc_a-snprintf.o)
 .debug_frame   0x00000aa8       0x98 /usr/lib/gcc/arm-none-eabi/14.2.1/../../../arm-none-eabi/lib/thumb/v7-m/nofp/libc_nano.a(libc_a-nano-svfprintf.o)
 .debug_frame   0x00000b40       0x2c /usr/lib/gcc/arm-none-eabi/14.2.1/../../../arm-none-eabi/lib/thumb/v7-m/nofp/libc_nano.a(libc_a-memchr-stub.o)
 .debug_frame   0x00000b6c       0x50 /usr/lib/gcc/arm-none-eabi/14.2.1/../../../arm-none-eabi/lib/thumb/v7-m/nofp/libc_nano.a(libc_a-mallocr.o)
 .debug_frame   0x00000bbc       0x28 /usr/lib/gcc/arm-none-eabi/14.2.1/../../../arm-none-eabi/lib/thumb/v7-m/nofp/libc_nano.a(libc_a-memcpy.o)
 .debug_frame   0x00000be4       0x58 /usr/lib/gcc/arm-none-eabi/14.2.1/../../../arm-none-eabi/lib/thumb/v7-m/nofp/libc_nano.a(libc_a-freer.o)
 .debug_frame   0x00000c3c       0x38 /usr/lib/gcc/arm-none-eabi/14.2.1/../../../arm-none-eabi/lib/thumb/v7-m/nofp/libc_nano.a(libc_a-reallocr.o)
 .debug_frame   0x00000c74       0x6c /usr/lib/gcc/arm-none-eabi/14.2.1/../../../arm-none-eabi/lib/thumb/v7-m/nofp/libc_nano.a(libc_a-nano-vfprintf_i.o)
 .debug_frame   0x00000ce0       0x30 /usr/lib/gcc/arm-none-eabi/14.2.1/../../../arm-none-eabi/lib/thumb/v7-m/nofp/libc_nano.a(libc_a-mlock.o)
 .debug_frame   0x00000d10       0x40 /usr/lib/gcc/arm-none-eabi/14.2.1/../../../arm-none-eabi/lib/thumb/v7-m/nofp/libc_nano.a(libc_a-memmove.o)
 .debug_frame   0x00000d50       0x2c /usr/lib/gcc/arm-none-eabi/14.2.1/../../../arm-none-eabi/lib/thumb/v7-m/nofp/libc_nano.a(libc_a-sbrkr.o)
 .debug_frame   0x00000d7c       0x20 /usr/lib/gcc/arm-none-eabi/14.2.1/../../../arm-none-eabi/lib/thumb/v7-m/nofp/libc_nano.a(libc_a-msizer.o)
 .debug_frame   0x00000d9c       0x40 /usr/lib/gcc/arm-none-eabi/14.2.1/../../../arm-none-eabi/lib/thumb/v7-m/nofp/libc_nano.a(libc_a-reent.o)
 .debug_frame   0x00000ddc       0x20 /usr/lib/gcc/arm-none-eabi/14.2.1/../../../arm-none-eabi/lib/thumb/v7-m/nofp/libnosys.a(sbrk.o)

.debug_line_str
                0x00000000       0x99
 .debug_line_str
                0x00000000       0x99 /usr/lib/gcc/arm-none-eabi/14.2.1/../../../arm-none-eabi/lib/thumb/v7-m/nofp/libc_nano.a(libc_a-memcpy.o)
