Archive member included to satisfy reference by file (symbol)

/usr/lib/gcc/arm-none-eabi/14.2.1/../../../arm-none-eabi/lib/thumb/v7-m/nofp/libc_nano.a(libc_a-strlen-stub.o)
                              ./Output/tasks.o (strlen)
/usr/lib/gcc/arm-none-eabi/14.2.1/../../../arm-none-eabi/lib/thumb/v7-m/nofp/libc_nano.a(libc_a-memset.o)
                              ./Output/tasks.o (memset)
/usr/lib/gcc/arm-none-eabi/14.2.1/../../../arm-none-eabi/lib/thumb/v7-m/nofp/libc_nano.a(libc_a-memcpy.o)
                              ./Output/queue.o (memcpy)
/usr/lib/gcc/arm-none-eabi/14.2.1/../../../arm-none-eabi/lib/thumb/v7-m/nofp/libc_nano.a(libc_a-snprintf.o)
                              ./Output/timeline_scheduler.o (snprintf)
/usr/lib/gcc/arm-none-eabi/14.2.1/../../../arm-none-eabi/lib/thumb/v7-m/nofp/libc_nano.a(libc_a-nano-svfprintf.o)
                              /usr/lib/gcc/arm-none-eabi/14.2.1/../../../arm-none-eabi/lib/thumb/v7-m/nofp/libc_nano.a(libc_a-snprintf.o) (_svfprintf_r)
/usr/lib/gcc/arm-none-eabi/14.2.1/../../../arm-none-eabi/lib/thumb/v7-m/nofp/libc_nano.a(libc_a-memchr-stub.o)
                              /usr/lib/gcc/arm-none-eabi/14.2.1/../../../arm-none-eabi/lib/thumb/v7-m/nofp/libc_nano.a(libc_a-nano-svfprintf.o) (memchr)
/usr/lib/gcc/arm-none-eabi/14.2.1/../../../arm-none-eabi/lib/thumb/v7-m/nofp/libc_nano.a(libc_a-mallocr.o)
                              /usr/lib/gcc/arm-none-eabi/14.2.1/../../../arm-none-eabi/lib/thumb/v7-m/nofp/libc_nano.a(libc_a-nano-svfprintf.o) (_malloc_r)
/usr/lib/gcc/arm-none-eabi/14.2.1/../../../arm-none-eabi/lib/thumb/v7-m/nofp/libc_nano.a(libc_a-freer.o)
                              /usr/lib/gcc/arm-none-eabi/14.2.1/../../../arm-none-eabi/lib/thumb/v7-m/nofp/libc_nano.a(libc_a-nano-svfprintf.o) (_free_r)
/usr/lib/gcc/arm-none-eabi/14.2.1/../../../arm-none-eabi/lib/thumb/v7-m/nofp/libc_nano.a(libc_a-impure.o)
                              /usr/lib/gcc/arm-none-eabi/14.2.1/../../../arm-none-eabi/lib/thumb/v7-m/nofp/libc_nano.a(libc_a-snprintf.o) (_impure_ptr)
/usr/lib/gcc/arm-none-eabi/14.2.1/../../../arm-none-eabi/lib/thumb/v7-m/nofp/libc_nano.a(libc_a-reallocr.o)
                              /usr/lib/gcc/arm-none-eabi/14.2.1/../../../arm-none-eabi/lib/thumb/v7-m/nofp/libc_nano.a(libc_a-nano-svfprintf.o) (_realloc_r)
/usr/lib/gcc/arm-none-eabi/14.2.1/../../../arm-none-eabi/lib/thumb/v7-m/nofp/libc_nano.a(libc_a-nano-vfprintf_i.o)
                              /usr/lib/gcc/arm-none-eabi/14.2.1/../../../arm-none-eabi/lib/thumb/v7-m/nofp/libc_nano.a(libc_a-nano-svfprintf.o) (_printf_i)
/usr/lib/gcc/arm-none-eabi/14.2.1/../../../arm-none-eabi/lib/thumb/v7-m/nofp/libc_nano.a(libc_a-mlock.o)
                              /usr/lib/gcc/arm-none-eabi/14.2.1/../../../arm-none-eabi/lib/thumb/v7-m/nofp/libc_nano.a(libc_a-mallocr.o) (__malloc_lock)
/usr/lib/gcc/arm-none-eabi/14.2.1/../../../arm-none-eabi/lib/thumb/v7-m/nofp/libc_nano.a(libc_a-memmove.o)
                              /usr/lib/gcc/arm-none-eabi/14.2.1/../../../arm-none-eabi/lib/thumb/v7-m/nofp/libc_nano.a(libc_a-nano-svfprintf.o) (memmove)
/usr/lib/gcc/arm-none-eabi/14.2.1/../../../arm-none-eabi/lib/thumb/v7-m/nofp/libc_nano.a(libc_a-sbrkr.o)
                              /usr/lib/gcc/arm-none-eabi/14.2.1/../../../arm-none-eabi/lib/thumb/v7-m/nofp/libc_nano.a(libc_a-mallocr.o) (_sbrk_r)
/usr/lib/gcc/arm-none-eabi/14.2.1/../../../arm-none-eabi/lib/thumb/v7-m/nofp/libc_nano.a(libc_a-msizer.o)
                              /usr/lib/gcc/arm-none-eabi/14.2.1/../../../arm-none-eabi/lib/thumb/v7-m/nofp/libc_nano.a(libc_a-reallocr.o) (_malloc_usable_size_r)
/usr/lib/gcc/arm-none-eabi/14.2.1/../../../arm-none-eabi/lib/thumb/v7-m/nofp/libc_nano.a(libc_a-reent.o)
                              /usr/lib/gcc/arm-none-eabi/14.2.1/../../../arm-none-eabi/lib/thumb/v7-m/nofp/libc_nano.a(libc_a-sbrkr.o) (errno)
/usr/lib/gcc/arm-none-eabi/14.2.1/../../../arm-none-eabi/lib/thumb/v7-m/nofp/libnosys.a(sbrk.o)
                              /usr/lib/gcc/arm-none-eabi/14.2.1/../../../arm-none-eabi/lib/thumb/v7-m/nofp/libc_nano.a(libc_a-sbrkr.o) (_sbrk)

Discarded input sections

 .group         0x00000000        0xc ./Output/list.o
 .group         0x00000000        0xc ./Output/list.o
 .group         0x00000000        0xc ./Output/list.o
 .group         0x00000000        0xc ./Output/list.o
 .group         0x00000000        0xc ./Output/list.o
 .group         0x00000000        0xc ./Output/list.o
 .group         0x00000000        0xc ./Output/list.o
 .group         0x00000000        0xc ./Output/list.o
 .group         0x00000000        0xc ./Output/list.o
 .group         0x00000000        0xc ./Output/list.o
 .group         0x00000000        0xc ./Output/list.o
 .group         0x00000000        0xc ./Output/list.o
 .group         0x00000000        0xc ./Output/list.o
 .group         0x00000000        0xc ./Output/list.o
 .group         0x00000000        0xc ./Output/list.o
 .group         0x00000000        0xc ./Output/list.o
[...]
Memory Configuration

Name             Origin             Length             Attributes
FLASH            0x00000000         0x00400000         xr
RAM              0x20000000         0x00400000         rw
*default*        0x00000000         0xffffffff

Linker script and memory map

LOAD ./Output/list.o
LOAD ./Output/tasks.o
LOAD ./Output/timers.o
LOAD ./Output/queue.o
LOAD ./Output/heap_4.o
LOAD ./Output/port.o
LOAD ./Output/timeline_scheduler.o
LOAD ./Output/uart.o
LOAD ./Output/startup.o
START GROUP
LOAD /usr/lib/gcc/arm-none-eabi/14.2.1/thumb/v7-m/nofp/libgcc.a
LOAD /usr/lib/gcc/arm-none-eabi/14.2.1/../../../arm-none-eabi/lib/thumb/v7-m/nofp/libc_nano.a
END GROUP
START GROUP
LOAD /usr/lib/gcc/arm-none-eabi/14.2.1/thumb/v7-m/nofp/libgcc.a
LOAD /usr/lib/gcc/arm-none-eabi/14.2.1/../../../arm-none-eabi/lib/thumb/v7-m/nofp/libc_nano.a
LOAD /usr/lib/gcc/arm-none-eabi/14.2.1/../../../arm-none-eabi/lib/thumb/v7-m/nofp/libnosys.a
END GROUP
START GROUP
LOAD /usr/lib/gcc/arm-none-eabi/14.2.1/thumb/v7-m/nofp/libgcc.a
LOAD /usr/lib/gcc/arm-none-eabi/14.2.1/../../../arm-none-eabi/lib/thumb/v7-m/nofp/libc_nano.a
LOAD /usr/lib/gcc/arm-none-eabi/14.2.1/../../../arm-none-eabi/lib/thumb/v7-m/nofp/libnosys.a
END GROUP
                0x00000008                        _Min_Heap_Size = 0x8
                0x00000400                        _Min_Stack_Size = 0x400
                0x20400000                        _estack = (ORIGIN (RAM) + LENGTH (RAM))

.isr_vector     0x00000000       0x78
                0x00000000                        __vector_table = .
 *(.isr_vector)
 .isr_vector    0x00000000       0x78 ./Output/startup.o
                0x00000000                isr_vector
                0x00000078                        . = ALIGN (0x4)

.text           0x00000078      0xf85
 *(.text)
 .text          0x00000078       0xa0 /usr/lib/gcc/arm-none-eabi/14.2.1/../../../arm-none-eabi/lib/thumb/v7-m/nofp/libc_nano.a(libc_a-memset.o)
                0x00000078                memset
 .text          0x00000118       0xec /usr/lib/gcc/arm-none-eabi/14.2.1/../../../arm-none-eabi/lib/thumb/v7-m/nofp/libc_nano.a(libc_a-memcpy.o)
                0x00000118                memcpy
 .text          0x00000204      0x10c /usr/lib/gcc/arm-none-eabi/14.2.1/../../../arm-none-eabi/lib/thumb/v7-m/nofp/libc_nano.a(libc_a-snprintf.o)
                0x00000204                _sniprintf_r
                0x00000204                _snprintf_r
                0x00000284                snprintf
                0x00000284                sniprintf
 .text          0x00000310      0x400 /usr/lib/gcc/arm-none-eabi/14.2.1/../../../arm-none-eabi/lib/thumb/v7-m/nofp/libc_nano.a(libc_a-nano-svfprintf.o)
                0x00000310                __ssputs_r
                0x000003d0                __ssprint_r
                0x000004e0                _svfprintf_r
                0x000004e0                _svfiprintf_r
 .text          0x00000710       0x98 /usr/lib/gcc/arm-none-eabi/14.2.1/../../../arm-none-eabi/lib/thumb/v7-m/nofp/libc_nano.a(libc_a-memchr-stub.o)
                0x00000710                memchr
 .text          0x000007a8      0x14c /usr/lib/gcc/arm-none-eabi/14.2.1/../../../arm-none-eabi/lib/thumb/v7-m/nofp/libc_nano.a(libc_a-mallocr.o)
                0x000007f4                _malloc_r
 .text          0x000008f4       0xbc /usr/lib/gcc/arm-none-eabi/14.2.1/../../../arm-none-eabi/lib/thumb/v7-m/nofp/libc_nano.a(libc_a-freer.o)
                0x000008f4                _free_r
 .text          0x000009b0       0x64 /usr/lib/gcc/arm-none-eabi/14.2.1/../../../arm-none-eabi/lib/thumb/v7-m/nofp/libc_nano.a(libc_a-reallocr.o)
                0x000009b0                _realloc_r
 .text          0x00000a14      0x3a8 /usr/lib/gcc/arm-none-eabi/14.2.1/../../../arm-none-eabi/lib/thumb/v7-m/nofp/libc_nano.a(libc_a-nano-vfprintf_i.o)
                0x00000a14                _printf_common
                0x00000b38                _printf_i
 .text          0x00000dbc        0x8 /usr/lib/gcc/arm-none-eabi/14.2.1/../../../arm-none-eabi/lib/thumb/v7-m/nofp/libc_nano.a(libc_a-mlock.o)
                0x00000dbc                __malloc_lock
                0x00000dc0                __malloc_unlock
 .text          0x00000dc4       0xfc /usr/lib/gcc/arm-none-eabi/14.2.1/../../../arm-none-eabi/lib/thumb/v7-m/nofp/libc_nano.a(libc_a-memmove.o)
                0x00000dc4                memmove
 .text          0x00000ec0       0x24 /usr/lib/gcc/arm-none-eabi/14.2.1/../../../arm-none-eabi/lib/thumb/v7-m/nofp/libc_nano.a(libc_a-sbrkr.o)
                0x00000ec0                _sbrk_r
 .text          0x00000ee4       0x10 /usr/lib/gcc/arm-none-eabi/14.2.1/../../../arm-none-eabi/lib/thumb/v7-m/nofp/libc_nano.a(libc_a-msizer.o)
                0x00000ee4                _malloc_usable_size_r
 .text          0x00000ef4       0x1c /usr/lib/gcc/arm-none-eabi/14.2.1/../../../arm-none-eabi/lib/thumb/v7-m/nofp/libnosys.a(sbrk.o)
                0x00000ef4                _sbrk
 *(.rodata*)
 .rodata.vControllerTask.str1.1
                0x00000f10       0xb3 ./Output/timeline_scheduler.o
                                  0x7 (size before relaxing)
 .rodata.vWorkerTask.str1.1
                0x00000fc3       0x12 ./Output/timeline_scheduler.o
 .rodata.vPeriodicTask.str1.1
                0x00000fc3       0x1e ./Output/timeline_scheduler.o
 .rodata.vConfigureScheduler.str1.1
                0x00000fc3       0x22 ./Output/timeline_scheduler.o
 .rodata.main.str1.1
                0x00000fc3       0x1c ./Output/timeline_scheduler.o
 .rodata.str1.1
                0x00000fc3        0x8 ./Output/timeline_scheduler.o
 .rodata.prvGetRegistersFromStack.str1.1
                0x00000fc3       0x36 ./Output/startup.o
 *fill*         0x00000fc3        0x1 
 .rodata.str1.4
                0x00000fc4       0x39 /usr/lib/gcc/arm-none-eabi/14.2.1/../../../arm-none-eabi/lib/thumb/v7-m/nofp/libc_nano.a(libc_a-nano-svfprintf.o)
                                 0x13 (size before relaxing)
 .rodata.str1.4
                0x00000ffd       0x25 /usr/lib/gcc/arm-none-eabi/14.2.1/../../../arm-none-eabi/lib/thumb/v7-m/nofp/libc_nano.a(libc_a-nano-vfprintf_i.o)
 *(.constdata*)
                0x00000ffd                        _etext = .
                0x00000ffd                        _sidata = .

.glue_7         0x00001000        0x0
 .glue_7        0x00001000        0x0 linker stubs

.glue_7t        0x00001000        0x0
 .glue_7t       0x00001000        0x0 linker stubs

.vfp11_veneer   0x00001000        0x0
 .vfp11_veneer  0x00001000        0x0 linker stubs

.v4_bx          0x00001000        0x0
 .v4_bx         0x00001000        0x0 linker stubs

.text.vListInitialise
                0x00000ffe       0x16
 .text.vListInitialise
                0x00000ffe       0x16 ./Output/list.o
                0x00000ffe                vListInitialise

.text.vListInitialiseItem
                0x00001014        0x6
 .text.vListInitialiseItem
                0x00001014        0x6 ./Output/list.o
                0x00001014                vListInitialiseItem

.text.vListInsert
                0x0000101a       0x2e
 .text.vListInsert
                0x0000101a       0x2e ./Output/list.o
                0x0000101a                vListInsert

.text.uxListRemove
                0x00001048       0x1e
 .text.uxListRemove
                0x00001048       0x1e ./Output/list.o
                0x00001048                uxListRemove

.text.prvAddCurrentTaskToDelayedList
                0x00001068       0xb4
 .text.prvAddCurrentTaskToDelayedList
                0x00001068       0xb4 ./Output/tasks.o

.text.prvResetNextTaskUnblockTime
                0x0000111c       0x24
 .text.prvResetNextTaskUnblockTime
                0x0000111c       0x24 ./Output/tasks.o

.text.xTaskCreate
                0x00001140      0x1c0
 .text.xTaskCreate
                0x00001140      0x1c0 ./Output/tasks.o
                0x00001140                xTaskCreate

.text.vTaskSuspendAll
                0x00001300       0x10
 .text.vTaskSuspendAll
                0x00001300       0x10 ./Output/tasks.o
                0x00001300                vTaskSuspendAll

.text.xTaskGetTickCount
                0x00001310        0xc
 .text.xTaskGetTickCount
                0x00001310        0xc ./Output/tasks.o
                0x00001310                xTaskGetTickCount

.text.xTaskIncrementTick
                0x0000131c      0x180
 .text.xTaskIncrementTick
                0x0000131c      0x180 ./Output/tasks.o
                0x0000131c                xTaskIncrementTick

.text.xTaskResumeAll
                0x0000149c      0x150
 .text.xTaskResumeAll
                0x0000149c      0x150 ./Output/tasks.o
                0x0000149c                xTaskResumeAll

.text.xTaskDelayUntil
                0x000015ec       0x6c
 .text.xTaskDelayUntil
                0x000015ec       0x6c ./Output/tasks.o
                0x000015ec                xTaskDelayUntil

.text.vTaskDelay
                0x00001658       0x3c
 .text.vTaskDelay
                0x00001658       0x3c ./Output/tasks.o
                0x00001658                vTaskDelay

.text.vTaskSwitchContext
                0x00001694       0x60
 .text.vTaskSwitchContext
                0x00001694       0x60 ./Output/tasks.o
                0x00001694                vTaskSwitchContext

.iplt           0x000016f4        0x0
 .iplt          0x000016f4        0x0 ./Output/tasks.o

.text.pvPortMalloc
                0x000016f4      0x130
 .text.pvPortMalloc
                0x000016f4      0x130 ./Output/heap_4.o
                0x000016f4                pvPortMalloc

.text.vPortFree
                0x00001824       0xbc
 .text.vPortFree
                0x00001824       0xbc ./Output/heap_4.o
                0x00001824                vPortFree

.text.prvTaskExitError
                0x000018e0       0x30
 .text.prvTaskExitError
                0x000018e0       0x30 ./Output/port.o

.text.vPortSVCHandler
                0x00001910       0x24
 .text.vPortSVCHandler
                0x00001910       0x24 ./Output/port.o
                0x00001910                vPortSVCHandler

.text.xPortPendSVHandler
                0x00001940       0x44
 .text.xPortPendSVHandler
                0x00001940       0x44 ./Output/port.o
                0x00001940                xPortPendSVHandler

.text.pxPortInitialiseStack
                0x00001984       0x24
 .text.pxPortInitialiseStack
                0x00001984       0x24 ./Output/port.o
                0x00001984                pxPortInitialiseStack

.text.vPortEnterCritical
                0x000019a8       0x30
 .text.vPortEnterCritical
                0x000019a8       0x30 ./Output/port.o
                0x000019a8                vPortEnterCritical

.text.vPortExitCritical
                0x000019d8       0x18
 .text.vPortExitCritical
                0x000019d8       0x18 ./Output/port.o
                0x000019d8                vPortExitCritical

.text.xPortSysTickHandler
                0x000019f0       0x2c
 .text.xPortSysTickHandler
                0x000019f0       0x2c ./Output/port.o
                0x000019f0                xPortSysTickHandler

.text.vControllerTask
                0x00001a1c       0x10
 .text.vControllerTask
                0x00001a1c       0x10 ./Output/timeline_scheduler.o
                0x00001a1c                vControllerTask

.text.vWorkerTask
                0x00001a2c       0x28
 .text.vWorkerTask
                0x00001a2c       0x28 ./Output/timeline_scheduler.o
                0x00001a2c                vWorkerTask

.text.vPeriodicTask
                0x00001a54       0x44
 .text.vPeriodicTask
                0x00001a54       0x44 ./Output/timeline_scheduler.o
                0x00001a54                vPeriodicTask

.text.mcd_tasks
                0x00001a98       0x36
 .text.mcd_tasks
                0x00001a98       0x36 ./Output/timeline_scheduler.o
                0x00001a98                mcd_tasks

.text.lcm       0x00001ace       0x20
 .text.lcm      0x00001ace       0x20 ./Output/timeline_scheduler.o
                0x00001ace                lcm

.text.lcm_tasks
                0x00001aee       0x2e
 .text.lcm_tasks
                0x00001aee       0x2e ./Output/timeline_scheduler.o
                0x00001aee                lcm_tasks

.text.vConfigureScheduler
                0x00001b1c       0x4c
 .text.vConfigureScheduler
                0x00001b1c       0x4c ./Output/timeline_scheduler.o
                0x00001b1c                vConfigureScheduler

.text.startup.main
                0x00001b68       0x6c
 .text.startup.main
                0x00001b68       0x6c ./Output/timeline_scheduler.o
                0x00001b68                main

.text.UART_init
                0x00001bd4        0xe
 .text.UART_init
                0x00001bd4        0xe ./Output/uart.o
                0x00001bd4                UART_init

.text.UART_printf
                0x00001be2       0x12
 .text.UART_printf
                0x00001be2       0x12 ./Output/uart.o
                0x00001be2                UART_printf

.text.Default_Handler
                0x00001c00        0xc
 .text.Default_Handler
                0x00001c00        0xc ./Output/startup.o

.text.HardFault_Handler
                0x00001d00       0x18
 .text.HardFault_Handler
                0x00001d00       0x18 ./Output/startup.o

.text.Reset_Handler
                0x00001d18        0x4
 .text.Reset_Handler
                0x00001d18        0x4 ./Output/startup.o
                0x00001d18                Reset_Handler

.text.prvGetRegistersFromStack
                0x00001d1c       0x60
 .text.prvGetRegistersFromStack
                0x00001d1c       0x60 ./Output/startup.o
                0x00001d1c                prvGetRegistersFromStack

.rel.dyn        0x00001d7c        0x0
 .rel.iplt      0x00001d7c        0x0 ./Output/tasks.o

.ARM.exidx      0x00001d7c        0x8
 .ARM.exidx     0x00001d7c        0x8 /usr/lib/gcc/arm-none-eabi/14.2.1/../../../arm-none-eabi/lib/thumb/v7-m/nofp/libc_nano.a(libc_a-memcpy.o)

.data           0x20000000       0x50
                0x20000000                        . = ALIGN (0x8)
                0x20000000                        _data = .
                0x20000000                        _sdata = .
 *(vtable)
 *(.data)
 .data          0x20000000       0x50 /usr/lib/gcc/arm-none-eabi/14.2.1/../../../arm-none-eabi/lib/thumb/v7-m/nofp/libc_nano.a(libc_a-impure.o)
                0x20000000                _impure_ptr
                0x20000004                _impure_data
                0x20000050                        _edata = .

.igot.plt       0x20000050        0x0
 .igot.plt      0x20000050        0x0 ./Output/tasks.o

.data.uxCriticalNesting
                0x20000050        0x4
 .data.uxCriticalNesting
                0x20000050        0x4 ./Output/port.o

.data.cfg       0x20000054        0x8
 .data.cfg      0x20000054        0x8 ./Output/timeline_scheduler.o
                0x20000054                cfg

.data.tasks     0x2000005c       0x54
 .data.tasks    0x2000005c       0x54 ./Output/timeline_scheduler.o
                0x2000005c                tasks

.bss            0x200000b0       0x10
                0x200000b0                        . = ALIGN (0x8)
                0x200000b0                        _bss = .
                0x200000b0                        _sbss = .
 *(.bss)
 .bss           0x200000b0        0x8 /usr/lib/gcc/arm-none-eabi/14.2.1/../../../arm-none-eabi/lib/thumb/v7-m/nofp/libc_nano.a(libc_a-mallocr.o)
                0x200000b0                __malloc_sbrk_start
                0x200000b4                __malloc_free_list
 .bss           0x200000b8        0x4 /usr/lib/gcc/arm-none-eabi/14.2.1/../../../arm-none-eabi/lib/thumb/v7-m/nofp/libc_nano.a(libc_a-reent.o)
                0x200000b8                errno
 .bss           0x200000bc        0x4 /usr/lib/gcc/arm-none-eabi/14.2.1/../../../arm-none-eabi/lib/thumb/v7-m/nofp/libnosys.a(sbrk.o)
                0x200000c0                        _ebss = .

.bss.uxSchedulerSuspended
                0x200000c0        0x4
 .bss.uxSchedulerSuspended
                0x200000c0        0x4 ./Output/tasks.o

.bss.xNextTaskUnblockTime
                0x200000c4        0x4
 .bss.xNextTaskUnblockTime
                0x200000c4        0x4 ./Output/tasks.o

.bss.uxTaskNumber
                0x200000c8        0x4
 .bss.uxTaskNumber
                0x200000c8        0x4 ./Output/tasks.o

.bss.xNumOfOverflows
                0x200000cc        0x4
 .bss.xNumOfOverflows
                0x200000cc        0x4 ./Output/tasks.o

.bss.xYieldPendings
                0x200000d0        0x4
 .bss.xYieldPendings
                0x200000d0        0x4 ./Output/tasks.o

.bss.xPendedTicks
                0x200000d4        0x4
 .bss.xPendedTicks
                0x200000d4        0x4 ./Output/tasks.o

.bss.xSchedulerRunning
                0x200000d8        0x4
 .bss.xSchedulerRunning
                0x200000d8        0x4 ./Output/tasks.o

.bss.uxTopReadyPriority
                0x200000dc        0x4
 .bss.uxTopReadyPriority
                0x200000dc        0x4 ./Output/tasks.o

.bss.xTickCount
                0x200000e0        0x4
 .bss.xTickCount
                0x200000e0        0x4 ./Output/tasks.o

.bss.uxCurrentNumberOfTasks
                0x200000e4        0x4
 .bss.uxCurrentNumberOfTasks
                0x200000e4        0x4 ./Output/tasks.o

.bss.xSuspendedTaskList
                0x200000e8       0x14
 .bss.xSuspendedTaskList
                0x200000e8       0x14 ./Output/tasks.o

.bss.xTasksWaitingTermination
                0x200000fc       0x14
 .bss.xTasksWaitingTermination
                0x200000fc       0x14 ./Output/tasks.o

.bss.xPendingReadyList
                0x20000110       0x14
 .bss.xPendingReadyList
                0x20000110       0x14 ./Output/tasks.o

.bss.pxOverflowDelayedTaskList
                0x20000124        0x4
 .bss.pxOverflowDelayedTaskList
                0x20000124        0x4 ./Output/tasks.o

.bss.pxDelayedTaskList
                0x20000128        0x4
 .bss.pxDelayedTaskList
                0x20000128        0x4 ./Output/tasks.o

.bss.xDelayedTaskList2
                0x2000012c       0x14
 .bss.xDelayedTaskList2
                0x2000012c       0x14 ./Output/tasks.o

.bss.xDelayedTaskList1
                0x20000140       0x14
 .bss.xDelayedTaskList1
                0x20000140       0x14 ./Output/tasks.o

.bss.pxReadyTasksLists
                0x20000154       0xb4
 .bss.pxReadyTasksLists
                0x20000154       0xb4 ./Output/tasks.o

.bss.pxCurrentTCB
                0x20000208        0x4
 .bss.pxCurrentTCB
                0x20000208        0x4 ./Output/tasks.o
                0x20000208                pxCurrentTCB

.bss.xNumberOfSuccessfulFrees
                0x2000020c        0x4
 .bss.xNumberOfSuccessfulFrees
                0x2000020c        0x4 ./Output/heap_4.o

.bss.xNumberOfSuccessfulAllocations
                0x20000210        0x4
 .bss.xNumberOfSuccessfulAllocations
                0x20000210        0x4 ./Output/heap_4.o

.bss.xMinimumEverFreeBytesRemaining
                0x20000214        0x4
 .bss.xMinimumEverFreeBytesRemaining
                0x20000214        0x4 ./Output/heap_4.o

.bss.xFreeBytesRemaining
                0x20000218        0x4
 .bss.xFreeBytesRemaining
                0x20000218        0x4 ./Output/heap_4.o

.bss.pxEnd      0x2000021c        0x4
 .bss.pxEnd     0x2000021c        0x4 ./Output/heap_4.o

.bss.xStart     0x20000220        0x8
 .bss.xStart    0x20000220        0x8 ./Output/heap_4.o

.bss.ucHeap     0x20000228     0xf000
 .bss.ucHeap    0x20000228     0xf000 ./Output/heap_4.o

.bss.xWorkerHandle
                0x2000f228        0x4
 .bss.xWorkerHandle
                0x2000f228        0x4 ./Output/timeline_scheduler.o
                0x2000f228                xWorkerHandle

.bss.xControllerHandle
                0x2000f22c        0x4
 .bss.xControllerHandle
                0x2000f22c        0x4 ./Output/timeline_scheduler.o
                0x2000f22c                xControllerHandle

.bss.psr        0x2000f230        0x4
 .bss.psr       0x2000f230        0x4 ./Output/startup.o
                0x2000f230                psr

.bss.pc         0x2000f234        0x4
 .bss.pc        0x2000f234        0x4 ./Output/startup.o
                0x2000f234                pc

.bss.lr         0x2000f238        0x4
 .bss.lr        0x2000f238        0x4 ./Output/startup.o
                0x2000f238                lr

.bss.r12        0x2000f23c        0x4
 .bss.r12       0x2000f23c        0x4 ./Output/startup.o
                0x2000f23c                r12

.bss.r3         0x2000f240        0x4
 .bss.r3        0x2000f240        0x4 ./Output/startup.o
                0x2000f240                r3

.bss.r2         0x2000f244        0x4
 .bss.r2        0x2000f244        0x4 ./Output/startup.o
                0x2000f244                r2

.bss.r1         0x2000f248        0x4
 .bss.r1        0x2000f248        0x4 ./Output/startup.o
                0x2000f248                r1

.bss.r0         0x2000f24c        0x4
 .bss.r0        0x2000f24c        0x4 ./Output/startup.o
                0x2000f24c                r0

.heap           0x2000f250      0x408
                0x2000f250                        . = ALIGN (0x8)
                0x2000f250                        PROVIDE (end = .)
                [!provide]                        PROVIDE (_end = .)
                0x2000f250                        _heap_bottom = .
                0x2000f258                        . = (. + _Min_Heap_Size)
 *fill*         0x2000f250        0x8 
                0x2000f258                        _heap_top = .
                0x2000f658                        . = (. + _Min_Stack_Size)
 *fill*         0x2000f258      0x400 
                0x2000f658                        . = ALIGN (0x8)
                0x20400000                        __StackTop = (ORIGIN (RAM) + LENGTH (RAM))
                0x203ffc00                        __StackLimit = (__StackTop - _Min_Stack_Size)
                [!provide]                        PROVIDE (__stack = __StackTop)
                0x00000001                        ASSERT ((__StackLimit >= _heap_top), region RAM overflowed with stack)
OUTPUT(./Output/demo.elf elf32-littlearm)
LOAD linker stubs

.debug_info     0x00000000     0xb6cf
 .debug_info    0x00000000      0x2b2 ./Output/list.o
 .debug_info    0x000002b2     0x314d ./Output/tasks.o
 .debug_info    0x000033ff      0x5d7 ./Output/heap_4.o
 .debug_info    0x000039d6      0x465 ./Output/port.o
 .debug_info    0x00003e3b      0x8ee ./Output/timeline_scheduler.o
 .debug_info    0x00004729       0xd1 ./Output/uart.o
 .debug_info    0x000047fa      0x1fb ./Output/startup.o
 .debug_info    0x000049f5      0x135 /usr/lib/gcc/arm-none-eabi/14.2.1/../../../arm-none-eabi/lib/thumb/v7-m/nofp/libc_nano.a(libc_a-memset.o)
 .debug_info    0x00004b2a       0x33 /usr/lib/gcc/arm-none-eabi/14.2.1/../../../arm-none-eabi/lib/thumb/v7-m/nofp/libc_nano.a(libc_a-memcpy.o)
 .debug_info    0x00004b5d      0x8ff /usr/lib/gcc/arm-none-eabi/14.2.1/../../../arm-none-eabi/lib/thumb/v7-m/nofp/libc_nano.a(libc_a-snprintf.o)
 .debug_info    0x0000545c     0x1094 /usr/lib/gcc/arm-none-eabi/14.2.1/../../../arm-none-eabi/lib/thumb/v7-m/nofp/libc_nano.a(libc_a-nano-svfprintf.o)
 .debug_info    0x000064f0      0x14a /usr/lib/gcc/arm-none-eabi/14.2.1/../../../arm-none-eabi/lib/thumb/v7-m/nofp/libc_nano.a(libc_a-memchr-stub.o)
 .debug_info    0x0000663a      0x9b6 /usr/lib/gcc/arm-none-eabi/14.2.1/../../../arm-none-eabi/lib/thumb/v7-m/nofp/libc_nano.a(libc_a-mallocr.o)
 .debug_info    0x00006ff0      0x87f /usr/lib/gcc/arm-none-eabi/14.2.1/../../../arm-none-eabi/lib/thumb/v7-m/nofp/libc_nano.a(libc_a-freer.o)
 .debug_info    0x0000786f      0x70b /usr/lib/gcc/arm-none-eabi/14.2.1/../../../arm-none-eabi/lib/thumb/v7-m/nofp/libc_nano.a(libc_a-impure.o)
 .debug_info    0x00007f7a      0x8cd /usr/lib/gcc/arm-none-eabi/14.2.1/../../../arm-none-eabi/lib/thumb/v7-m/nofp/libc_nano.a(libc_a-reallocr.o)
 .debug_info    0x00008847      0xdd7 /usr/lib/gcc/arm-none-eabi/14.2.1/../../../arm-none-eabi/lib/thumb/v7-m/nofp/libc_nano.a(libc_a-nano-vfprintf_i.o)
 .debug_info    0x0000961e      0x71c /usr/lib/gcc/arm-none-eabi/14.2.1/../../../arm-none-eabi/lib/thumb/v7-m/nofp/libc_nano.a(libc_a-mlock.o)
 .debug_info    0x00009d3a      0x148 /usr/lib/gcc/arm-none-eabi/14.2.1/../../../arm-none-eabi/lib/thumb/v7-m/nofp/libc_nano.a(libc_a-memmove.o)
 .debug_info    0x00009e82      0x778 /usr/lib/gcc/arm-none-eabi/14.2.1/../../../arm-none-eabi/lib/thumb/v7-m/nofp/libc_nano.a(libc_a-sbrkr.o)
 .debug_info    0x0000a5fa      0x78a /usr/lib/gcc/arm-none-eabi/14.2.1/../../../arm-none-eabi/lib/thumb/v7-m/nofp/libc_nano.a(libc_a-msizer.o)
 .debug_info    0x0000ad84      0x89f /usr/lib/gcc/arm-none-eabi/14.2.1/../../../arm-none-eabi/lib/thumb/v7-m/nofp/libc_nano.a(libc_a-reent.o)
 .debug_info    0x0000b623       0xac /usr/lib/gcc/arm-none-eabi/14.2.1/../../../arm-none-eabi/lib/thumb/v7-m/nofp/libnosys.a(sbrk.o)

.debug_abbrev   0x00000000     0x2a89
 .debug_abbrev  0x00000000      0x105 ./Output/list.o
 .debug_abbrev  0x00000105      0x515 ./Output/tasks.o
 .debug_abbrev  0x0000061a      0x2d2 ./Output/heap_4.o
 .debug_abbrev  0x000008ec      0x2a7 ./Output/port.o
 .debug_abbrev  0x00000b93      0x32d ./Output/timeline_scheduler.o
 .debug_abbrev  0x00000ec0       0x93 ./Output/uart.o
 .debug_abbrev  0x00000f53      0x165 ./Output/startup.o
 .debug_abbrev  0x000010b8       0xb7 /usr/lib/gcc/arm-none-eabi/14.2.1/../../../arm-none-eabi/lib/thumb/v7-m/nofp/libc_nano.a(libc_a-memset.o)
 .debug_abbrev  0x0000116f       0x28 /usr/lib/gcc/arm-none-eabi/14.2.1/../../../arm-none-eabi/lib/thumb/v7-m/nofp/libc_nano.a(libc_a-memcpy.o)
 .debug_abbrev  0x00001197      0x23c /usr/lib/gcc/arm-none-eabi/14.2.1/../../../arm-none-eabi/lib/thumb/v7-m/nofp/libc_nano.a(libc_a-snprintf.o)
 .debug_abbrev  0x000013d3      0x32f /usr/lib/gcc/arm-none-eabi/14.2.1/../../../arm-none-eabi/lib/thumb/v7-m/nofp/libc_nano.a(libc_a-nano-svfprintf.o)
 .debug_abbrev  0x00001702       0xc7 /usr/lib/gcc/arm-none-eabi/14.2.1/../../../arm-none-eabi/lib/thumb/v7-m/nofp/libc_nano.a(libc_a-memchr-stub.o)
 .debug_abbrev  0x000017c9      0x24a /usr/lib/gcc/arm-none-eabi/14.2.1/../../../arm-none-eabi/lib/thumb/v7-m/nofp/libc_nano.a(libc_a-mallocr.o)
 .debug_abbrev  0x00001a13      0x249 /usr/lib/gcc/arm-none-eabi/14.2.1/../../../arm-none-eabi/lib/thumb/v7-m/nofp/libc_nano.a(libc_a-freer.o)
 .debug_abbrev  0x00001c5c      0x149 /usr/lib/gcc/arm-none-eabi/14.2.1/../../../arm-none-eabi/lib/thumb/v7-m/nofp/libc_nano.a(libc_a-impure.o)
 .debug_abbrev  0x00001da5      0x20c /usr/lib/gcc/arm-none-eabi/14.2.1/../../../arm-none-eabi/lib/thumb/v7-m/nofp/libc_nano.a(libc_a-reallocr.o)
 .debug_abbrev  0x00001fb1      0x284 /usr/lib/gcc/arm-none-eabi/14.2.1/../../../arm-none-eabi/lib/thumb/v7-m/nofp/libc_nano.a(libc_a-nano-vfprintf_i.o)
 .debug_abbrev  0x00002235      0x192 /usr/lib/gcc/arm-none-eabi/14.2.1/../../../arm-none-eabi/lib/thumb/v7-m/nofp/libc_nano.a(libc_a-mlock.o)
 .debug_abbrev  0x000023c7       0xc3 /usr/lib/gcc/arm-none-eabi/14.2.1/../../../arm-none-eabi/lib/thumb/v7-m/nofp/libc_nano.a(libc_a-memmove.o)
 .debug_abbrev  0x0000248a      0x1da /usr/lib/gcc/arm-none-eabi/14.2.1/../../../arm-none-eabi/lib/thumb/v7-m/nofp/libc_nano.a(libc_a-sbrkr.o)
 .debug_abbrev  0x00002664      0x196 /usr/lib/gcc/arm-none-eabi/14.2.1/../../../arm-none-eabi/lib/thumb/v7-m/nofp/libc_nano.a(libc_a-msizer.o)
 .debug_abbrev  0x000027fa      0x1ee /usr/lib/gcc/arm-none-eabi/14.2.1/../../../arm-none-eabi/lib/thumb/v7-m/nofp/libc_nano.a(libc_a-reent.o)
 .debug_abbrev  0x000029e8       0xa1 /usr/lib/gcc/arm-none-eabi/14.2.1/../../../arm-none-eabi/lib/thumb/v7-m/nofp/libnosys.a(sbrk.o)

.debug_loclists
                0x00000000     0x3abf
 .debug_loclists
                0x00000000       0x77 ./Output/list.o
 .debug_loclists
                0x00000077     0x1bd1 ./Output/tasks.o
 .debug_loclists
                0x00001c48      0x370 ./Output/heap_4.o
 .debug_loclists
                0x00001fb8       0xb1 ./Output/port.o
 .debug_loclists
                0x00002069      0x2ea ./Output/timeline_scheduler.o
 .debug_loclists
                0x00002353       0x29 ./Output/uart.o
 .debug_loclists
                0x0000237c       0x29 ./Output/startup.o
 .debug_loclists
                0x000023a5      0x1d7 /usr/lib/gcc/arm-none-eabi/14.2.1/../../../arm-none-eabi/lib/thumb/v7-m/nofp/libc_nano.a(libc_a-memset.o)
 .debug_loclists
                0x0000257c      0x214 /usr/lib/gcc/arm-none-eabi/14.2.1/../../../arm-none-eabi/lib/thumb/v7-m/nofp/libc_nano.a(libc_a-snprintf.o)
 .debug_loclists
                0x00002790      0x531 /usr/lib/gcc/arm-none-eabi/14.2.1/../../../arm-none-eabi/lib/thumb/v7-m/nofp/libc_nano.a(libc_a-nano-svfprintf.o)
 .debug_loclists
                0x00002cc1      0x172 /usr/lib/gcc/arm-none-eabi/14.2.1/../../../arm-none-eabi/lib/thumb/v7-m/nofp/libc_nano.a(libc_a-memchr-stub.o)
 .debug_loclists
                0x00002e33      0x273 /usr/lib/gcc/arm-none-eabi/14.2.1/../../../arm-none-eabi/lib/thumb/v7-m/nofp/libc_nano.a(libc_a-mallocr.o)
 .debug_loclists
                0x000030a6      0x164 /usr/lib/gcc/arm-none-eabi/14.2.1/../../../arm-none-eabi/lib/thumb/v7-m/nofp/libc_nano.a(libc_a-freer.o)
 .debug_loclists
                0x0000320a      0x102 /usr/lib/gcc/arm-none-eabi/14.2.1/../../../arm-none-eabi/lib/thumb/v7-m/nofp/libc_nano.a(libc_a-reallocr.o)
 .debug_loclists
                0x0000330c      0x444 /usr/lib/gcc/arm-none-eabi/14.2.1/../../../arm-none-eabi/lib/thumb/v7-m/nofp/libc_nano.a(libc_a-nano-vfprintf_i.o)
 .debug_loclists
                0x00003750      0x21b /usr/lib/gcc/arm-none-eabi/14.2.1/../../../arm-none-eabi/lib/thumb/v7-m/nofp/libc_nano.a(libc_a-memmove.o)
 .debug_loclists
                0x0000396b       0x4b /usr/lib/gcc/arm-none-eabi/14.2.1/../../../arm-none-eabi/lib/thumb/v7-m/nofp/libc_nano.a(libc_a-sbrkr.o)
 .debug_loclists
                0x000039b6       0x59 /usr/lib/gcc/arm-none-eabi/14.2.1/../../../arm-none-eabi/lib/thumb/v7-m/nofp/libc_nano.a(libc_a-msizer.o)
 .debug_loclists
                0x00003a0f       0x80 /usr/lib/gcc/arm-none-eabi/14.2.1/../../../arm-none-eabi/lib/thumb/v7-m/nofp/libc_nano.a(libc_a-reent.o)
 .debug_loclists
                0x00003a8f       0x30 /usr/lib/gcc/arm-none-eabi/14.2.1/../../../arm-none-eabi/lib/thumb/v7-m/nofp/libnosys.a(sbrk.o)

.debug_aranges  0x00000000      0x5c8
 .debug_aranges
                0x00000000       0x40 ./Output/list.o
 .debug_aranges
                0x00000040      0x1f8 ./Output/tasks.o
 .debug_aranges
                0x00000238       0x58 ./Output/heap_4.o
 .debug_aranges
                0x00000290       0x78 ./Output/port.o
 .debug_aranges
                0x00000308       0x68 ./Output/timeline_scheduler.o
 .debug_aranges
                0x00000370       0x28 ./Output/uart.o
 .debug_aranges
                0x00000398       0x38 ./Output/startup.o
 .debug_aranges
                0x000003d0       0x20 /usr/lib/gcc/arm-none-eabi/14.2.1/../../../arm-none-eabi/lib/thumb/v7-m/nofp/libc_nano.a(libc_a-memset.o)
 .debug_aranges
                0x000003f0       0x20 /usr/lib/gcc/arm-none-eabi/14.2.1/../../../arm-none-eabi/lib/thumb/v7-m/nofp/libc_nano.a(libc_a-memcpy.o)
 .debug_aranges
                0x00000410       0x20 /usr/lib/gcc/arm-none-eabi/14.2.1/../../../arm-none-eabi/lib/thumb/v7-m/nofp/libc_nano.a(libc_a-snprintf.o)
 .debug_aranges
                0x00000430       0x20 /usr/lib/gcc/arm-none-eabi/14.2.1/../../../arm-none-eabi/lib/thumb/v7-m/nofp/libc_nano.a(libc_a-nano-svfprintf.o)
 .debug_aranges
                0x00000450       0x20 /usr/lib/gcc/arm-none-eabi/14.2.1/../../../arm-none-eabi/lib/thumb/v7-m/nofp/libc_nano.a(libc_a-memchr-stub.o)
 .debug_aranges
                0x00000470       0x20 /usr/lib/gcc/arm-none-eabi/14.2.1/../../../arm-none-eabi/lib/thumb/v7-m/nofp/libc_nano.a(libc_a-mallocr.o)
 .debug_aranges
                0x00000490       0x20 /usr/lib/gcc/arm-none-eabi/14.2.1/../../../arm-none-eabi/lib/thumb/v7-m/nofp/libc_nano.a(libc_a-freer.o)
 .debug_aranges
                0x000004b0       0x18 /usr/lib/gcc/arm-none-eabi/14.2.1/../../../arm-none-eabi/lib/thumb/v7-m/nofp/libc_nano.a(libc_a-impure.o)
 .debug_aranges
                0x000004c8       0x20 /usr/lib/gcc/arm-none-eabi/14.2.1/../../../arm-none-eabi/lib/thumb/v7-m/nofp/libc_nano.a(libc_a-reallocr.o)
 .debug_aranges
                0x000004e8       0x20 /usr/lib/gcc/arm-none-eabi/14.2.1/../../../arm-none-eabi/lib/thumb/v7-m/nofp/libc_nano.a(libc_a-nano-vfprintf_i.o)
 .debug_aranges
                0x00000508       0x20 /usr/lib/gcc/arm-none-eabi/14.2.1/../../../arm-none-eabi/lib/thumb/v7-m/nofp/libc_nano.a(libc_a-mlock.o)
 .debug_aranges
                0x00000528       0x20 /usr/lib/gcc/arm-none-eabi/14.2.1/../../../arm-none-eabi/lib/thumb/v7-m/nofp/libc_nano.a(libc_a-memmove.o)
 .debug_aranges
                0x00000548       0x20 /usr/lib/gcc/arm-none-eabi/14.2.1/../../../arm-none-eabi/lib/thumb/v7-m/nofp/libc_nano.a(libc_a-sbrkr.o)
 .debug_aranges
                0x00000568       0x20 /usr/lib/gcc/arm-none-eabi/14.2.1/../../../arm-none-eabi/lib/thumb/v7-m/nofp/libc_nano.a(libc_a-msizer.o)
 .debug_aranges
                0x00000588       0x20 /usr/lib/gcc/arm-none-eabi/14.2.1/../../../arm-none-eabi/lib/thumb/v7-m/nofp/libc_nano.a(libc_a-reent.o)
 .debug_aranges
                0x000005a8       0x20 /usr/lib/gcc/arm-none-eabi/14.2.1/../../../arm-none-eabi/lib/thumb/v7-m/nofp/libnosys.a(sbrk.o)

.debug_rnglists
                0x00000000      0x5ad
 .debug_rnglists
                0x00000000       0x2b ./Output/list.o
 .debug_rnglists
                0x0000002b      0x316 ./Output/tasks.o
 .debug_rnglists
                0x00000341       0x4c ./Output/heap_4.o
 .debug_rnglists
                0x0000038d       0x6e ./Output/port.o
 .debug_rnglists
                0x000003fb       0x9a ./Output/timeline_scheduler.o
 .debug_rnglists
                0x00000495       0x19 ./Output/uart.o
 .debug_rnglists
                0x000004ae       0x25 ./Output/startup.o
 .debug_rnglists
                0x000004d3       0x42 /usr/lib/gcc/arm-none-eabi/14.2.1/../../../arm-none-eabi/lib/thumb/v7-m/nofp/libc_nano.a(libc_a-nano-svfprintf.o)
 .debug_rnglists
                0x00000515       0x1f /usr/lib/gcc/arm-none-eabi/14.2.1/../../../arm-none-eabi/lib/thumb/v7-m/nofp/libc_nano.a(libc_a-mallocr.o)
 .debug_rnglists
                0x00000534       0x13 /usr/lib/gcc/arm-none-eabi/14.2.1/../../../arm-none-eabi/lib/thumb/v7-m/nofp/libc_nano.a(libc_a-freer.o)
 .debug_rnglists
                0x00000547       0x66 /usr/lib/gcc/arm-none-eabi/14.2.1/../../../arm-none-eabi/lib/thumb/v7-m/nofp/libc_nano.a(libc_a-nano-vfprintf_i.o)

.debug_macro    0x00000000     0x3d57
 .debug_macro   0x00000000      0x171 ./Output/list.o
 .debug_macro   0x00000171      0xac0 ./Output/list.o
 .debug_macro   0x00000c31       0x24 ./Output/list.o
 .debug_macro   0x00000c55       0x22 ./Output/list.o
 .debug_macro   0x00000c77       0x60 ./Output/list.o
 .debug_macro   0x00000cd7       0x94 ./Output/list.o
 .debug_macro   0x00000d6b       0x3c ./Output/list.o
 .debug_macro   0x00000da7       0x34 ./Output/list.o
 .debug_macro   0x00000ddb       0x16 ./Output/list.o
 .debug_macro   0x00000df1      0x11c ./Output/list.o
 .debug_macro   0x00000f0d       0x9b ./Output/list.o
 .debug_macro   0x00000fa8       0x57 ./Output/list.o
 .debug_macro   0x00000fff      0x364 ./Output/list.o
 .debug_macro   0x00001363       0x16 ./Output/list.o
 .debug_macro   0x00001379       0x4a ./Output/list.o
 .debug_macro   0x000013c3       0x34 ./Output/list.o
 .debug_macro   0x000013f7       0x10 ./Output/list.o
 .debug_macro   0x00001407       0x52 ./Output/list.o
 .debug_macro   0x00001459      0x1e5 ./Output/list.o
 .debug_macro   0x0000163e       0x16 ./Output/list.o
 .debug_macro   0x00001654       0x29 ./Output/list.o
 .debug_macro   0x0000167d      0x34e ./Output/list.o
 .debug_macro   0x000019cb       0x16 ./Output/list.o
 .debug_macro   0x000019e1      0x164 ./Output/list.o
 .debug_macro   0x00001b45       0x1c ./Output/list.o
 .debug_macro   0x00001b61      0x182 ./Output/list.o
 .debug_macro   0x00001ce3       0xe7 ./Output/list.o
 .debug_macro   0x00001dca       0x2e ./Output/list.o
 .debug_macro   0x00001df8       0x1f ./Output/list.o
 .debug_macro   0x00001e17       0x12 ./Output/list.o
 .debug_macro   0x00001e29      0xfde ./Output/list.o
 .debug_macro   0x00002e07       0xc3 ./Output/list.o
 .debug_macro   0x00002eca      0x289 ./Output/tasks.o
 .debug_macro   0x00003153       0x16 ./Output/tasks.o
 .debug_macro   0x00003169       0x3c ./Output/tasks.o
 .debug_macro   0x000031a5      0x14f ./Output/tasks.o
 .debug_macro   0x000032f4       0x98 ./Output/tasks.o
 .debug_macro   0x0000338c       0x17 ./Output/tasks.o
 .debug_macro   0x000033a3      0x201 ./Output/heap_4.o
 .debug_macro   0x000035a4      0x162 ./Output/port.o
 .debug_macro   0x00003706      0x190 ./Output/port.o
 .debug_macro   0x00003896      0x19b ./Output/timeline_scheduler.o
 .debug_macro   0x00003a31       0x28 ./Output/timeline_scheduler.o
 .debug_macro   0x00003a59       0x16 ./Output/timeline_scheduler.o
 .debug_macro   0x00003a6f       0x10 ./Output/timeline_scheduler.o
 .debug_macro   0x00003a7f       0x16 ./Output/timeline_scheduler.o
 .debug_macro   0x00003a95       0x16 ./Output/timeline_scheduler.o
 .debug_macro   0x00003aab      0x170 ./Output/timeline_scheduler.o
 .debug_macro   0x00003c1b       0x8d ./Output/uart.o
 .debug_macro   0x00003ca8       0x22 ./Output/uart.o
 .debug_macro   0x00003cca       0x8d ./Output/startup.o

.debug_line     0x00000000     0x708e
 .debug_line    0x00000000      0x445 ./Output/list.o
 .debug_line    0x00000445     0x2a88 ./Output/tasks.o
 .debug_line    0x00002ecd      0x81f ./Output/heap_4.o
 .debug_line    0x000036ec      0x525 ./Output/port.o
 .debug_line    0x00003c11      0x599 ./Output/timeline_scheduler.o
 .debug_line    0x000041aa      0x196 ./Output/uart.o
 .debug_line    0x00004340      0x1f2 ./Output/startup.o
 .debug_line    0x00004532      0x1b5 /usr/lib/gcc/arm-none-eabi/14.2.1/../../../arm-none-eabi/lib/thumb/v7-m/nofp/libc_nano.a(libc_a-memset.o)
 .debug_line    0x000046e7       0xbd /usr/lib/gcc/arm-none-eabi/14.2.1/../../../arm-none-eabi/lib/thumb/v7-m/nofp/libc_nano.a(libc_a-memcpy.o)
 .debug_line    0x000047a4      0x35e /usr/lib/gcc/arm-none-eabi/14.2.1/../../../arm-none-eabi/lib/thumb/v7-m/nofp/libc_nano.a(libc_a-snprintf.o)
 .debug_line    0x00004b02      0x86a /usr/lib/gcc/arm-none-eabi/14.2.1/../../../arm-none-eabi/lib/thumb/v7-m/nofp/libc_nano.a(libc_a-nano-svfprintf.o)
 .debug_line    0x0000536c      0x204 /usr/lib/gcc/arm-none-eabi/14.2.1/../../../arm-none-eabi/lib/thumb/v7-m/nofp/libc_nano.a(libc_a-memchr-stub.o)
 .debug_line    0x00005570      0x468 /usr/lib/gcc/arm-none-eabi/14.2.1/../../../arm-none-eabi/lib/thumb/v7-m/nofp/libc_nano.a(libc_a-mallocr.o)
 .debug_line    0x000059d8      0x2d0 /usr/lib/gcc/arm-none-eabi/14.2.1/../../../arm-none-eabi/lib/thumb/v7-m/nofp/libc_nano.a(libc_a-freer.o)
 .debug_line    0x00005ca8       0xeb /usr/lib/gcc/arm-none-eabi/14.2.1/../../../arm-none-eabi/lib/thumb/v7-m/nofp/libc_nano.a(libc_a-impure.o)
 .debug_line    0x00005d93      0x202 /usr/lib/gcc/arm-none-eabi/14.2.1/../../../arm-none-eabi/lib/thumb/v7-m/nofp/libc_nano.a(libc_a-reallocr.o)
 .debug_line    0x00005f95      0x778 /usr/lib/gcc/arm-none-eabi/14.2.1/../../../arm-none-eabi/lib/thumb/v7-m/nofp/libc_nano.a(libc_a-nano-vfprintf_i.o)
 .debug_line    0x0000670d      0x15b /usr/lib/gcc/arm-none-eabi/14.2.1/../../../arm-none-eabi/lib/thumb/v7-m/nofp/libc_nano.a(libc_a-mlock.o)
 .debug_line    0x00006868      0x211 /usr/lib/gcc/arm-none-eabi/14.2.1/../../../arm-none-eabi/lib/thumb/v7-m/nofp/libc_nano.a(libc_a-memmove.o)
 .debug_line    0x00006a79      0x19e /usr/lib/gcc/arm-none-eabi/14.2.1/../../../arm-none-eabi/lib/thumb/v7-m/nofp/libc_nano.a(libc_a-sbrkr.o)
 .debug_line    0x00006c17      0x17e /usr/lib/gcc/arm-none-eabi/14.2.1/../../../arm-none-eabi/lib/thumb/v7-m/nofp/libc_nano.a(libc_a-msizer.o)
 .debug_line    0x00006d95      0x283 /usr/lib/gcc/arm-none-eabi/14.2.1/../../../arm-none-eabi/lib/thumb/v7-m/nofp/libc_nano.a(libc_a-reent.o)
 .debug_line    0x00007018       0x76 /usr/lib/gcc/arm-none-eabi/14.2.1/../../../arm-none-eabi/lib/thumb/v7-m/nofp/libnosys.a(sbrk.o)

.debug_str      0x00000000    0x15955
 .debug_str     0x00000000    0x15955 ./Output/list.o
                               0xfea7 (size before relaxing)
 .debug_str     0x00015955    0x13643 ./Output/tasks.o
 .debug_str     0x00015955    0x1199a ./Output/heap_4.o
 .debug_str     0x00015955     0xecb2 ./Output/port.o
 .debug_str     0x00015955    0x11ae8 ./Output/timeline_scheduler.o
 .debug_str     0x00015955     0xc4ec ./Output/uart.o
 .debug_str     0x00015955     0xc592 ./Output/startup.o
 .debug_str     0x00015955      0x1a9 /usr/lib/gcc/arm-none-eabi/14.2.1/../../../arm-none-eabi/lib/thumb/v7-m/nofp/libc_nano.a(libc_a-memset.o)
 .debug_str     0x00015955       0xaf /usr/lib/gcc/arm-none-eabi/14.2.1/../../../arm-none-eabi/lib/thumb/v7-m/nofp/libc_nano.a(libc_a-memcpy.o)
 .debug_str     0x00015955      0x506 /usr/lib/gcc/arm-none-eabi/14.2.1/../../../arm-none-eabi/lib/thumb/v7-m/nofp/libc_nano.a(libc_a-snprintf.o)
 .debug_str     0x00015955      0x801 /usr/lib/gcc/arm-none-eabi/14.2.1/../../../arm-none-eabi/lib/thumb/v7-m/nofp/libc_nano.a(libc_a-nano-svfprintf.o)
 .debug_str     0x00015955      0x1b9 /usr/lib/gcc/arm-none-eabi/14.2.1/../../../arm-none-eabi/lib/thumb/v7-m/nofp/libc_nano.a(libc_a-memchr-stub.o)
 .debug_str     0x00015955      0x599 /usr/lib/gcc/arm-none-eabi/14.2.1/../../../arm-none-eabi/lib/thumb/v7-m/nofp/libc_nano.a(libc_a-mallocr.o)
 .debug_str     0x00015955      0x538 /usr/lib/gcc/arm-none-eabi/14.2.1/../../../arm-none-eabi/lib/thumb/v7-m/nofp/libc_nano.a(libc_a-freer.o)
 .debug_str     0x00015955      0x4b8 /usr/lib/gcc/arm-none-eabi/14.2.1/../../../arm-none-eabi/lib/thumb/v7-m/nofp/libc_nano.a(libc_a-impure.o)
 .debug_str     0x00015955      0x52e /usr/lib/gcc/arm-none-eabi/14.2.1/../../../arm-none-eabi/lib/thumb/v7-m/nofp/libc_nano.a(libc_a-reallocr.o)
 .debug_str     0x00015955      0x797 /usr/lib/gcc/arm-none-eabi/14.2.1/../../../arm-none-eabi/lib/thumb/v7-m/nofp/libc_nano.a(libc_a-nano-vfprintf_i.o)
 .debug_str     0x00015955      0x4d6 /usr/lib/gcc/arm-none-eabi/14.2.1/../../../arm-none-eabi/lib/thumb/v7-m/nofp/libc_nano.a(libc_a-mlock.o)
 .debug_str     0x00015955      0x1c8 /usr/lib/gcc/arm-none-eabi/14.2.1/../../../arm-none-eabi/lib/thumb/v7-m/nofp/libc_nano.a(libc_a-memmove.o)
 .debug_str     0x00015955      0x4c1 /usr/lib/gcc/arm-none-eabi/14.2.1/../../../arm-none-eabi/lib/thumb/v7-m/nofp/libc_nano.a(libc_a-sbrkr.o)
 .debug_str     0x00015955      0x501 /usr/lib/gcc/arm-none-eabi/14.2.1/../../../arm-none-eabi/lib/thumb/v7-m/nofp/libc_nano.a(libc_a-msizer.o)
 .debug_str     0x00015955      0x4d7 /usr/lib/gcc/arm-none-eabi/14.2.1/../../../arm-none-eabi/lib/thumb/v7-m/nofp/libc_nano.a(libc_a-reent.o)
 .debug_str     0x00015955      0x119 /usr/lib/gcc/arm-none-eabi/14.2.1/../../../arm-none-eabi/lib/thumb/v7-m/nofp/libnosys.a(sbrk.o)

.comment        0x00000000       0x4c
 .comment       0x00000000       0x4c ./Output/list.o
                                 0x27 (size before relaxing)
 .comment       0x0000004c       0x27 ./Output/tasks.o
 .comment       0x0000004c       0x27 ./Output/heap_4.o
 .comment       0x0000004c       0x27 ./Output/port.o
 .comment       0x0000004c       0x27 ./Output/timeline_scheduler.o
 .comment       0x0000004c       0x27 ./Output/uart.o
 .comment       0x0000004c       0x27 ./Output/startup.o
 .comment       0x0000004c       0x27 /usr/lib/gcc/arm-none-eabi/14.2.1/../../../arm-none-eabi/lib/thumb/v7-m/nofp/libc_nano.a(libc_a-memset.o)
 .comment       0x0000004c       0x27 /usr/lib/gcc/arm-none-eabi/14.2.1/../../../arm-none-eabi/lib/thumb/v7-m/nofp/libc_nano.a(libc_a-snprintf.o)
 .comment       0x0000004c       0x27 /usr/lib/gcc/arm-none-eabi/14.2.1/../../../arm-none-eabi/lib/thumb/v7-m/nofp/libc_nano.a(libc_a-nano-svfprintf.o)
 .comment       0x0000004c       0x27 /usr/lib/gcc/arm-none-eabi/14.2.1/../../../arm-none-eabi/lib/thumb/v7-m/nofp/libc_nano.a(libc_a-memchr-stub.o)
 .comment       0x0000004c       0x27 /usr/lib/gcc/arm-none-eabi/14.2.1/../../../arm-none-eabi/lib/thumb/v7-m/nofp/libc_nano.a(libc_a-mallocr.o)
 .comment       0x0000004c       0x27 /usr/lib/gcc/arm-none-eabi/14.2.1/../../../arm-none-eabi/lib/thumb/v7-m/nofp/libc_nano.a(libc_a-freer.o)
 .comment       0x0000004c       0x27 /usr/lib/gcc/arm-none-eabi/14.2.1/../../../arm-none-eabi/lib/thumb/v7-m/nofp/libc_nano.a(libc_a-impure.o)
 .comment       0x0000004c       0x27 /usr/lib/gcc/arm-none-eabi/14.2.1/../../../arm-none-eabi/lib/thumb/v7-m/nofp/libc_nano.a(libc_a-reallocr.o)
 .comment       0x0000004c       0x27 /usr/lib/gcc/arm-none-eabi/14.2.1/../../../arm-none-eabi/lib/thumb/v7-m/nofp/libc_nano.a(libc_a-nano-vfprintf_i.o)
 .comment       0x0000004c       0x27 /usr/lib/gcc/arm-none-eabi/14.2.1/../../../arm-none-eabi/lib/thumb/v7-m/nofp/libc_nano.a(libc_a-mlock.o)
 .comment       0x0000004c       0x27 /usr/lib/gcc/arm-none-eabi/14.2.1/../../../arm-none-eabi/lib/thumb/v7-m/nofp/libc_nano.a(libc_a-memmove.o)
 .comment       0x0000004c       0x27 /usr/lib/gcc/arm-none-eabi/14.2.1/../../../arm-none-eabi/lib/thumb/v7-m/nofp/libc_nano.a(libc_a-sbrkr.o)
 .comment       0x0000004c       0x27 /usr/lib/gcc/arm-none-eabi/14.2.1/../../../arm-none-eabi/lib/thumb/v7-m/nofp/libc_nano.a(libc_a-msizer.o)
 .comment       0x0000004c       0x27 /usr/lib/gcc/arm-none-eabi/14.2.1/../../../arm-none-eabi/lib/thumb/v7-m/nofp/libc_nano.a(libc_a-reent.o)
 .comment       0x0000004c       0x27 /usr/lib/gcc/arm-none-eabi/14.2.1/../../../arm-none-eabi/lib/thumb/v7-m/nofp/libnosys.a(sbrk.o)

.ARM.attributes
                0x00000000       0x2b
 .ARM.attributes
                0x00000000       0x2d ./Output/list.o
 .ARM.attributes
                0x0000002d       0x2d ./Output/tasks.o
 .ARM.attributes
                0x0000005a       0x2d ./Output/heap_4.o
 .ARM.attributes
                0x00000087       0x2d ./Output/port.o
 .ARM.attributes
                0x000000b4       0x2d ./Output/timeline_scheduler.o
 .ARM.attributes
                0x000000e1       0x2d ./Output/uart.o
 .ARM.attributes
                0x0000010e       0x2d ./Output/startup.o
 .ARM.attributes
                0x0000013b       0x2d /usr/lib/gcc/arm-none-eabi/14.2.1/../../../arm-none-eabi/lib/thumb/v7-m/nofp/libc_nano.a(libc_a-memset.o)
 .ARM.attributes
                0x00000168       0x1b /usr/lib/gcc/arm-none-eabi/14.2.1/../../../arm-none-eabi/lib/thumb/v7-m/nofp/libc_nano.a(libc_a-memcpy.o)
 .ARM.attributes
                0x00000183       0x2d /usr/lib/gcc/arm-none-eabi/14.2.1/../../../arm-none-eabi/lib/thumb/v7-m/nofp/libc_nano.a(libc_a-snprintf.o)
 .ARM.attributes
                0x000001b0       0x2d /usr/lib/gcc/arm-none-eabi/14.2.1/../../../arm-none-eabi/lib/thumb/v7-m/nofp/libc_nano.a(libc_a-nano-svfprintf.o)
 .ARM.attributes
                0x000001dd       0x2d /usr/lib/gcc/arm-none-eabi/14.2.1/../../../arm-none-eabi/lib/thumb/v7-m/nofp/libc_nano.a(libc_a-memchr-stub.o)
 .ARM.attributes
                0x0000020a       0x2d /usr/lib/gcc/arm-none-eabi/14.2.1/../../../arm-none-eabi/lib/thumb/v7-m/nofp/libc_nano.a(libc_a-mallocr.o)
 .ARM.attributes
                0x00000237       0x2d /usr/lib/gcc/arm-none-eabi/14.2.1/../../../arm-none-eabi/lib/thumb/v7-m/nofp/libc_nano.a(libc_a-freer.o)
 .ARM.attributes
                0x00000264       0x2d /usr/lib/gcc/arm-none-eabi/14.2.1/../../../arm-none-eabi/lib/thumb/v7-m/nofp/libc_nano.a(libc_a-impure.o)
 .ARM.attributes
                0x00000291       0x2d /usr/lib/gcc/arm-none-eabi/14.2.1/../../../arm-none-eabi/lib/thumb/v7-m/nofp/libc_nano.a(libc_a-reallocr.o)
 .ARM.attributes
                0x000002be       0x2d /usr/lib/gcc/arm-none-eabi/14.2.1/../../../arm-none-eabi/lib/thumb/v7-m/nofp/libc_nano.a(libc_a-nano-vfprintf_i.o)
 .ARM.attributes
                0x000002eb       0x2d /usr/lib/gcc/arm-none-eabi/14.2.1/../../../arm-none-eabi/lib/thumb/v7-m/nofp/libc_nano.a(libc_a-mlock.o)
 .ARM.attributes
                0x00000318       0x2d /usr/lib/gcc/arm-none-eabi/14.2.1/../../../arm-none-eabi/lib/thumb/v7-m/nofp/libc_nano.a(libc_a-memmove.o)
 .ARM.attributes
                0x00000345       0x2d /usr/lib/gcc/arm-none-eabi/14.2.1/../../../arm-none-eabi/lib/thumb/v7-m/nofp/libc_nano.a(libc_a-sbrkr.o)
 .ARM.attributes
                0x00000372       0x2d /usr/lib/gcc/arm-none-eabi/14.2.1/../../../arm-none-eabi/lib/thumb/v7-m/nofp/libc_nano.a(libc_a-msizer.o)
 .ARM.attributes
                0x0000039f       0x2d /usr/lib/gcc/arm-none-eabi/14.2.1/../../../arm-none-eabi/lib/thumb/v7-m/nofp/libc_nano.a(libc_a-reent.o)
 .ARM.attributes
                0x000003cc       0x2d /usr/lib/gcc/arm-none-eabi/14.2.1/../../../arm-none-eabi/lib/thumb/v7-m/nofp/libnosys.a(sbrk.o)

.debug_frame    0x00000000      0xe3c
 .debug_frame   0x00000000       0x6c ./Output/list.o
 .debug_frame   0x0000006c      0x660 ./Output/tasks.o
 .debug_frame   0x000006cc       0xe4 ./Output/heap_4.o
 .debug_frame   0x000007b0       0xec ./Output/port.o
 .debug_frame   0x0000089c      0x104 ./Output/timeline_scheduler.o
 .debug_frame   0x000009a0       0x30 ./Output/uart.o
 .debug_frame   0x000009d0       0x58 ./Output/startup.o
 .debug_frame   0x00000a28       0x2c /usr/lib/gcc/arm-none-eabi/14.2.1/../../../arm-none-eabi/lib/thumb/v7-m/nofp/libc_nano.a(libc_a-memset.o)
 .debug_frame   0x00000a54       0x28 /usr/lib/gcc/arm-none-eabi/14.2.1/../../../arm-none-eabi/lib/thumb/v7-m/nofp/libc_nano.a(libc_a-memcpy.o)
 .debug_frame   0x00000a7c       0x94 /usr/lib/gcc/arm-none-eabi/14.2.1/../../../arm-none-eabi/lib/thumb/v7-m/nofp/libc_nano.a(libc_a-snprintf.o)
 .debug_frame   0x00000b10       0x98 /usr/lib/gcc/arm-none-eabi/14.2.1/../../../arm-none-eabi/lib/thumb/v7-m/nofp/libc_nano.a(libc_a-nano-svfprintf.o)
 .debug_frame   0x00000ba8       0x2c /usr/lib/gcc/arm-none-eabi/14.2.1/../../../arm-none-eabi/lib/thumb/v7-m/nofp/libc_nano.a(libc_a-memchr-stub.o)
 .debug_frame   0x00000bd4       0x50 /usr/lib/gcc/arm-none-eabi/14.2.1/../../../arm-none-eabi/lib/thumb/v7-m/nofp/libc_nano.a(libc_a-mallocr.o)
 .debug_frame   0x00000c24       0x58 /usr/lib/gcc/arm-none-eabi/14.2.1/../../../arm-none-eabi/lib/thumb/v7-m/nofp/libc_nano.a(libc_a-freer.o)
 .debug_frame   0x00000c7c       0x38 /usr/lib/gcc/arm-none-eabi/14.2.1/../../../arm-none-eabi/lib/thumb/v7-m/nofp/libc_nano.a(libc_a-reallocr.o)
 .debug_frame   0x00000cb4       0x6c /usr/lib/gcc/arm-none-eabi/14.2.1/../../../arm-none-eabi/lib/thumb/v7-m/nofp/libc_nano.a(libc_a-nano-vfprintf_i.o)
 .debug_frame   0x00000d20       0x30 /usr/lib/gcc/arm-none-eabi/14.2.1/../../../arm-none-eabi/lib/thumb/v7-m/nofp/libc_nano.a(libc_a-mlock.o)
 .debug_frame   0x00000d50       0x40 /usr/lib/gcc/arm-none-eabi/14.2.1/../../../arm-none-eabi/lib/thumb/v7-m/nofp/libc_nano.a(libc_a-memmove.o)
 .debug_frame   0x00000d90       0x2c /usr/lib/gcc/arm-none-eabi/14.2.1/../../../arm-none-eabi/lib/thumb/v7-m/nofp/libc_nano.a(libc_a-sbrkr.o)
 .debug_frame   0x00000dbc       0x20 /usr/lib/gcc/arm-none-eabi/14.2.1/../../../arm-none-eabi/lib/thumb/v7-m/nofp/libc_nano.a(libc_a-msizer.o)
 .debug_frame   0x00000ddc       0x40 /usr/lib/gcc/arm-none-eabi/14.2.1/../../../arm-none-eabi/lib/thumb/v7-m/nofp/libc_nano.a(libc_a-reent.o)
 .debug_frame   0x00000e1c       0x20 /usr/lib/gcc/arm-none-eabi/14.2.1/../../../arm-none-eabi/lib/thumb/v7-m/nofp/libnosys.a(sbrk.o)

.debug_line_str
                0x00000000       0x99
 .debug_line_str
                0x00000000       0x99 /usr/lib/gcc/arm-none-eabi/14.2.1/../../../arm-none-eabi/lib/thumb/v7-m/nofp/libc_nano.a(libc_a-memcpy.o)
